2025-08-04 11:00:35,843 - Loaded System Directive: org.apache.velocity.runtime.directive.Evaluate
2025-08-04 11:00:35,843 - Loaded System Directive: org.apache.velocity.runtime.directive.Literal
2025-08-04 11:00:35,844 - Loaded System Directive: org.apache.velocity.runtime.directive.Macro
2025-08-04 11:00:35,845 - Loaded System Directive: org.apache.velocity.runtime.directive.Parse
2025-08-04 11:00:35,845 - Loaded System Directive: org.apache.velocity.runtime.directive.Include
2025-08-04 11:00:35,846 - Loaded System Directive: org.apache.velocity.runtime.directive.Foreach
2025-08-04 11:00:35,865 - Created '20' parsers.
2025-08-04 11:00:35,868 - Velocimacro : "velocimacro.library" is not set.  Trying default library: VM_global_library.vm
2025-08-04 11:00:35,868 - Velocimacro : Default library not found.
2025-08-04 11:00:35,868 - Velocimacro : allowInline = true : VMs can be defined inline in templates
2025-08-04 11:00:35,869 - Velocimacro : allowInlineToOverride = false : VMs defined inline may NOT replace previous VM definitions
2025-08-04 11:00:35,869 - Velocimacro : allowInlineLocal = false : VMs defined inline will be global in scope if allowed.
2025-08-04 11:00:35,869 - Velocimacro : autoload off : VM system will not automatically reload global library macros
2025-08-04 11:00:35,945 - Null reference [template 'ambari-alerts', line 135, column 19] : $alert.getAlertDefinition().getLabel() cannot be resolved.
2025-08-04 11:10:00,826 - Log4JLogChute initialized using file 'velocity.log'
2025-08-04 11:10:00,826 - Initializing Velocity, Calling init()...
2025-08-04 11:10:00,826 - Starting Apache Velocity v1.7 (compiled: 2010-11-19 12:14:37)
2025-08-04 11:10:00,826 - Default Properties File: org/apache/velocity/runtime/defaults/velocity.properties
2025-08-04 11:10:00,826 - Trying to use logger class org.apache.velocity.runtime.log.AvalonLogChute
2025-08-04 11:10:00,826 - Target log system for org.apache.velocity.runtime.log.AvalonLogChute is not available (java.lang.NoClassDefFoundError: org/apache/log/format/Formatter).  Falling back to next log system...
2025-08-04 11:10:00,826 - Trying to use logger class org.apache.velocity.runtime.log.Log4JLogChute
2025-08-04 11:10:00,826 - Using logger class org.apache.velocity.runtime.log.Log4JLogChute
2025-08-04 11:10:00,830 - ResourceLoader instantiated: org.apache.velocity.runtime.resource.loader.FileResourceLoader
2025-08-04 11:10:00,830 - Do unicode file recognition:  false
2025-08-04 11:10:00,830 - FileResourceLoader : adding path '.'
2025-08-04 11:10:00,834 - ResourceCache: initialized (class org.apache.velocity.runtime.resource.ResourceCacheImpl) with class java.util.Collections$SynchronizedMap cache map.
2025-08-04 11:10:00,835 - Loaded System Directive: org.apache.velocity.runtime.directive.Stop
2025-08-04 11:10:00,836 - Loaded System Directive: org.apache.velocity.runtime.directive.Define
2025-08-04 11:10:00,836 - Loaded System Directive: org.apache.velocity.runtime.directive.Break
2025-08-04 11:10:00,837 - Loaded System Directive: org.apache.velocity.runtime.directive.Evaluate
2025-08-04 11:10:00,837 - Loaded System Directive: org.apache.velocity.runtime.directive.Literal
2025-08-04 11:10:00,838 - Loaded System Directive: org.apache.velocity.runtime.directive.Macro
2025-08-04 11:10:00,839 - Loaded System Directive: org.apache.velocity.runtime.directive.Parse
2025-08-04 11:10:00,840 - Loaded System Directive: org.apache.velocity.runtime.directive.Include
2025-08-04 11:10:00,840 - Loaded System Directive: org.apache.velocity.runtime.directive.Foreach
2025-08-04 11:10:00,855 - Created '20' parsers.
2025-08-04 11:10:00,858 - Velocimacro : "velocimacro.library" is not set.  Trying default library: VM_global_library.vm
2025-08-04 11:10:00,858 - Velocimacro : Default library not found.
2025-08-04 11:10:00,858 - Velocimacro : allowInline = true : VMs can be defined inline in templates
2025-08-04 11:10:00,858 - Velocimacro : allowInlineToOverride = false : VMs defined inline may NOT replace previous VM definitions
2025-08-04 11:10:00,858 - Velocimacro : allowInlineLocal = false : VMs defined inline will be global in scope if allowed.
2025-08-04 11:10:00,858 - Velocimacro : autoload off : VM system will not automatically reload global library macros
2025-08-04 11:10:00,957 - Null reference [template '/path/to/${unspecified_parameter}', line 1, column 10] : ${unspecified_parameter} cannot be resolved.
2025-08-04 11:10:00,958 - Parser Exception: /path/to/${incorrect_parameter
org.apache.velocity.runtime.parser.ParseException: Encountered "<EOF>" at line 1, column 30.
Was expecting one of:
    "[" ...
    "}" ...
    
	at org.apache.velocity.runtime.parser.Parser.generateParseException(Parser.java:3679)
	at org.apache.velocity.runtime.parser.Parser.jj_consume_token(Parser.java:3558)
	at org.apache.velocity.runtime.parser.Parser.Reference(Parser.java:1521)
	at org.apache.velocity.runtime.parser.Parser.Statement(Parser.java:357)
	at org.apache.velocity.runtime.parser.Parser.process(Parser.java:317)
	at org.apache.velocity.runtime.parser.Parser.parse(Parser.java:117)
	at org.apache.velocity.runtime.RuntimeInstance.parse(RuntimeInstance.java:1226)
	at org.apache.velocity.runtime.RuntimeInstance.parse(RuntimeInstance.java:1181)
	at org.apache.velocity.runtime.RuntimeInstance.evaluate(RuntimeInstance.java:1297)
	at org.apache.velocity.runtime.RuntimeInstance.evaluate(RuntimeInstance.java:1265)
	at org.apache.velocity.app.Velocity.evaluate(Velocity.java:180)
	at org.apache.ambari.server.view.ViewContextImpl.parameterize(ViewContextImpl.java:410)
	at org.apache.ambari.server.view.ViewContextImpl.getProperties(ViewContextImpl.java:194)
	at org.apache.ambari.server.view.ViewContextImplTest.testGetPropertiesWithParameters(ViewContextImplTest.java:128)
	at sun.reflect.NativeMethodAccessorImpl.invoke0(Native Method)
	at sun.reflect.NativeMethodAccessorImpl.invoke(NativeMethodAccessorImpl.java:62)
	at sun.reflect.DelegatingMethodAccessorImpl.invoke(DelegatingMethodAccessorImpl.java:43)
	at java.lang.reflect.Method.invoke(Method.java:498)
	at org.junit.runners.model.FrameworkMethod$1.runReflectiveCall(FrameworkMethod.java:45)
	at org.junit.internal.runners.model.ReflectiveCallable.run(ReflectiveCallable.java:15)
	at org.junit.runners.model.FrameworkMethod.invokeExplosively(FrameworkMethod.java:42)
	at org.junit.internal.runners.statements.InvokeMethod.evaluate(InvokeMethod.java:20)
	at org.junit.runners.ParentRunner.runLeaf(ParentRunner.java:263)
	at org.junit.runners.BlockJUnit4ClassRunner.runChild(BlockJUnit4ClassRunner.java:68)
	at org.junit.runners.BlockJUnit4ClassRunner.runChild(BlockJUnit4ClassRunner.java:47)
	at org.junit.runners.ParentRunner$3.run(ParentRunner.java:231)
	at org.junit.runners.ParentRunner$1.schedule(ParentRunner.java:60)
	at org.junit.runners.ParentRunner.runChildren(ParentRunner.java:229)
	at org.junit.runners.ParentRunner.access$000(ParentRunner.java:50)
	at org.junit.runners.ParentRunner$2.evaluate(ParentRunner.java:222)
	at org.junit.runners.ParentRunner.run(ParentRunner.java:300)
	at org.apache.maven.surefire.junit4.JUnit4Provider.execute(JUnit4Provider.java:236)
	at org.apache.maven.surefire.junit4.JUnit4Provider.executeTestSet(JUnit4Provider.java:134)
	at org.apache.maven.surefire.junit4.JUnit4Provider.invoke(JUnit4Provider.java:113)
	at sun.reflect.NativeMethodAccessorImpl.invoke0(Native Method)
	at sun.reflect.NativeMethodAccessorImpl.invoke(NativeMethodAccessorImpl.java:62)
	at sun.reflect.DelegatingMethodAccessorImpl.invoke(DelegatingMethodAccessorImpl.java:43)
	at java.lang.reflect.Method.invoke(Method.java:498)
	at org.apache.maven.surefire.util.ReflectionUtils.invokeMethodWithArray(ReflectionUtils.java:189)
	at org.apache.maven.surefire.booter.ProviderFactory$ProviderProxy.invoke(ProviderFactory.java:165)
	at org.apache.maven.surefire.booter.ProviderFactory.invokeProvider(ProviderFactory.java:85)
	at org.apache.maven.surefire.booter.ForkedBooter.runSuitesInProcess(ForkedBooter.java:103)
	at org.apache.maven.surefire.booter.ForkedBooter.main(ForkedBooter.java:74)
2025-08-04 11:10:00,961 - Null reference [template '/path/to/${unspecified_parameter}', line 1, column 10] : ${unspecified_parameter} cannot be resolved.
2025-08-04 11:10:00,961 - Parser Exception: /path/to/${incorrect_parameter
org.apache.velocity.runtime.parser.ParseException: Encountered "<EOF>" at line 1, column 30.
Was expecting one of:
    "[" ...
    "}" ...
    
	at org.apache.velocity.runtime.parser.Parser.generateParseException(Parser.java:3679)
	at org.apache.velocity.runtime.parser.Parser.jj_consume_token(Parser.java:3558)
	at org.apache.velocity.runtime.parser.Parser.Reference(Parser.java:1521)
	at org.apache.velocity.runtime.parser.Parser.Statement(Parser.java:357)
	at org.apache.velocity.runtime.parser.Parser.process(Parser.java:317)
	at org.apache.velocity.runtime.parser.Parser.parse(Parser.java:117)
	at org.apache.velocity.runtime.RuntimeInstance.parse(RuntimeInstance.java:1226)
	at org.apache.velocity.runtime.RuntimeInstance.parse(RuntimeInstance.java:1181)
	at org.apache.velocity.runtime.RuntimeInstance.evaluate(RuntimeInstance.java:1297)
	at org.apache.velocity.runtime.RuntimeInstance.evaluate(RuntimeInstance.java:1265)
	at org.apache.velocity.app.Velocity.evaluate(Velocity.java:180)
	at org.apache.ambari.server.view.ViewContextImpl.parameterize(ViewContextImpl.java:410)
	at org.apache.ambari.server.view.ViewContextImpl.getProperties(ViewContextImpl.java:194)
	at org.apache.ambari.server.view.ViewContextImplTest.testGetPropertiesWithParameters(ViewContextImplTest.java:139)
	at sun.reflect.NativeMethodAccessorImpl.invoke0(Native Method)
	at sun.reflect.NativeMethodAccessorImpl.invoke(NativeMethodAccessorImpl.java:62)
	at sun.reflect.DelegatingMethodAccessorImpl.invoke(DelegatingMethodAccessorImpl.java:43)
	at java.lang.reflect.Method.invoke(Method.java:498)
	at org.junit.runners.model.FrameworkMethod$1.runReflectiveCall(FrameworkMethod.java:45)
	at org.junit.internal.runners.model.ReflectiveCallable.run(ReflectiveCallable.java:15)
	at org.junit.runners.model.FrameworkMethod.invokeExplosively(FrameworkMethod.java:42)
	at org.junit.internal.runners.statements.InvokeMethod.evaluate(InvokeMethod.java:20)
	at org.junit.runners.ParentRunner.runLeaf(ParentRunner.java:263)
	at org.junit.runners.BlockJUnit4ClassRunner.runChild(BlockJUnit4ClassRunner.java:68)
	at org.junit.runners.BlockJUnit4ClassRunner.runChild(BlockJUnit4ClassRunner.java:47)
	at org.junit.runners.ParentRunner$3.run(ParentRunner.java:231)
	at org.junit.runners.ParentRunner$1.schedule(ParentRunner.java:60)
	at org.junit.runners.ParentRunner.runChildren(ParentRunner.java:229)
	at org.junit.runners.ParentRunner.access$000(ParentRunner.java:50)
	at org.junit.runners.ParentRunner$2.evaluate(ParentRunner.java:222)
	at org.junit.runners.ParentRunner.run(ParentRunner.java:300)
	at org.apache.maven.surefire.junit4.JUnit4Provider.execute(JUnit4Provider.java:236)
	at org.apache.maven.surefire.junit4.JUnit4Provider.executeTestSet(JUnit4Provider.java:134)
	at org.apache.maven.surefire.junit4.JUnit4Provider.invoke(JUnit4Provider.java:113)
	at sun.reflect.NativeMethodAccessorImpl.invoke0(Native Method)
	at sun.reflect.NativeMethodAccessorImpl.invoke(NativeMethodAccessorImpl.java:62)
	at sun.reflect.DelegatingMethodAccessorImpl.invoke(DelegatingMethodAccessorImpl.java:43)
	at java.lang.reflect.Method.invoke(Method.java:498)
	at org.apache.maven.surefire.util.ReflectionUtils.invokeMethodWithArray(ReflectionUtils.java:189)
	at org.apache.maven.surefire.booter.ProviderFactory$ProviderProxy.invoke(ProviderFactory.java:165)
	at org.apache.maven.surefire.booter.ProviderFactory.invokeProvider(ProviderFactory.java:85)
	at org.apache.maven.surefire.booter.ForkedBooter.runSuitesInProcess(ForkedBooter.java:103)
	at org.apache.maven.surefire.booter.ForkedBooter.main(ForkedBooter.java:74)
2025-08-04 11:13:01,415 - Log4JLogChute initialized using file 'velocity.log'
2025-08-04 11:13:01,415 - Initializing Velocity, Calling init()...
2025-08-04 11:13:01,415 - Starting Apache Velocity v1.7 (compiled: 2010-11-19 12:14:37)
2025-08-04 11:13:01,415 - Default Properties File: org/apache/velocity/runtime/defaults/velocity.properties
2025-08-04 11:13:01,415 - Trying to use logger class org.apache.velocity.runtime.log.AvalonLogChute
2025-08-04 11:13:01,415 - Target log system for org.apache.velocity.runtime.log.AvalonLogChute is not available (java.lang.NoClassDefFoundError: org/apache/log/format/Formatter).  Falling back to next log system...
2025-08-04 11:13:01,415 - Trying to use logger class org.apache.velocity.runtime.log.Log4JLogChute
2025-08-04 11:13:01,415 - Using logger class org.apache.velocity.runtime.log.Log4JLogChute
2025-08-04 11:13:01,418 - ResourceLoader instantiated: org.apache.velocity.runtime.resource.loader.FileResourceLoader
2025-08-04 11:13:01,419 - Do unicode file recognition:  false
2025-08-04 11:13:01,419 - FileResourceLoader : adding path '.'
2025-08-04 11:13:01,425 - ResourceCache: initialized (class org.apache.velocity.runtime.resource.ResourceCacheImpl) with class java.util.Collections$SynchronizedMap cache map.
2025-08-04 11:13:01,426 - Loaded System Directive: org.apache.velocity.runtime.directive.Stop
2025-08-04 11:13:01,427 - Loaded System Directive: org.apache.velocity.runtime.directive.Define
2025-08-04 11:13:01,427 - Loaded System Directive: org.apache.velocity.runtime.directive.Break
2025-08-04 11:13:01,428 - Loaded System Directive: org.apache.velocity.runtime.directive.Evaluate
2025-08-04 11:13:01,428 - Loaded System Directive: org.apache.velocity.runtime.directive.Literal
2025-08-04 11:13:01,429 - Loaded System Directive: org.apache.velocity.runtime.directive.Macro
2025-08-04 11:13:01,429 - Loaded System Directive: org.apache.velocity.runtime.directive.Parse
2025-08-04 11:13:01,430 - Loaded System Directive: org.apache.velocity.runtime.directive.Include
2025-08-04 11:13:01,431 - Loaded System Directive: org.apache.velocity.runtime.directive.Foreach
2025-08-04 11:13:01,448 - Created '20' parsers.
2025-08-04 11:13:01,452 - Velocimacro : "velocimacro.library" is not set.  Trying default library: VM_global_library.vm
2025-08-04 11:13:01,452 - Velocimacro : Default library not found.
2025-08-04 11:13:01,452 - Velocimacro : allowInline = true : VMs can be defined inline in templates
2025-08-04 11:13:01,452 - Velocimacro : allowInlineToOverride = false : VMs defined inline may NOT replace previous VM definitions
2025-08-04 11:13:01,452 - Velocimacro : allowInlineLocal = false : VMs defined inline will be global in scope if allowed.
2025-08-04 11:13:01,452 - Velocimacro : autoload off : VM system will not automatically reload global library macros
2025-08-04 11:22:35,915 - Log4JLogChute initialized using file 'velocity.log'
2025-08-04 11:22:35,915 - Initializing Velocity, Calling init()...
2025-08-04 11:22:35,915 - Starting Apache Velocity v1.7 (compiled: 2010-11-19 12:14:37)
2025-08-04 11:22:35,915 - Default Properties File: org/apache/velocity/runtime/defaults/velocity.properties
2025-08-04 11:22:35,915 - Trying to use logger class org.apache.velocity.runtime.log.AvalonLogChute
2025-08-04 11:22:35,915 - Target log system for org.apache.velocity.runtime.log.AvalonLogChute is not available (java.lang.NoClassDefFoundError: org/apache/log/format/Formatter).  Falling back to next log system...
2025-08-04 11:22:35,915 - Trying to use logger class org.apache.velocity.runtime.log.Log4JLogChute
2025-08-04 11:22:35,915 - Using logger class org.apache.velocity.runtime.log.Log4JLogChute
2025-08-04 11:22:35,919 - ResourceLoader instantiated: org.apache.velocity.runtime.resource.loader.FileResourceLoader
2025-08-04 11:22:35,919 - Do unicode file recognition:  false
2025-08-04 11:22:35,919 - FileResourceLoader : adding path '.'
2025-08-04 11:22:35,926 - ResourceCache: initialized (class org.apache.velocity.runtime.resource.ResourceCacheImpl) with class java.util.Collections$SynchronizedMap cache map.
2025-08-04 11:22:35,927 - Loaded System Directive: org.apache.velocity.runtime.directive.Stop
2025-08-04 11:22:35,928 - Loaded System Directive: org.apache.velocity.runtime.directive.Define
2025-08-04 11:22:35,928 - Loaded System Directive: org.apache.velocity.runtime.directive.Break
2025-08-04 11:22:35,929 - Loaded System Directive: org.apache.velocity.runtime.directive.Evaluate
2025-08-04 11:22:35,929 - Loaded System Directive: org.apache.velocity.runtime.directive.Literal
2025-08-04 11:22:35,930 - Loaded System Directive: org.apache.velocity.runtime.directive.Macro
2025-08-04 11:22:35,930 - Loaded System Directive: org.apache.velocity.runtime.directive.Parse
2025-08-04 11:22:35,931 - Loaded System Directive: org.apache.velocity.runtime.directive.Include
2025-08-04 11:22:35,932 - Loaded System Directive: org.apache.velocity.runtime.directive.Foreach
2025-08-04 11:22:36,002 - Created '20' parsers.
2025-08-04 11:22:36,005 - Velocimacro : "velocimacro.library" is not set.  Trying default library: VM_global_library.vm
2025-08-04 11:22:36,005 - Velocimacro : Default library not found.
2025-08-04 11:22:36,005 - Velocimacro : allowInline = true : VMs can be defined inline in templates
2025-08-04 11:22:36,005 - Velocimacro : allowInlineToOverride = false : VMs defined inline may NOT replace previous VM definitions
2025-08-04 11:22:36,005 - Velocimacro : allowInlineLocal = false : VMs defined inline will be global in scope if allowed.
2025-08-04 11:22:36,005 - Velocimacro : autoload off : VM system will not automatically reload global library macros
2025-08-04 11:22:36,181 - Null reference [template 'ambari-alerts', line 135, column 19] : $alert.getAlertDefinition().getLabel() cannot be resolved.
2025-08-04 11:32:36,703 - Log4JLogChute initialized using file 'velocity.log'
2025-08-04 11:32:36,703 - Initializing Velocity, Calling init()...
2025-08-04 11:32:36,703 - Starting Apache Velocity v1.7 (compiled: 2010-11-19 12:14:37)
2025-08-04 11:32:36,704 - Default Properties File: org/apache/velocity/runtime/defaults/velocity.properties
2025-08-04 11:32:36,704 - Trying to use logger class org.apache.velocity.runtime.log.AvalonLogChute
2025-08-04 11:32:36,704 - Target log system for org.apache.velocity.runtime.log.AvalonLogChute is not available (java.lang.NoClassDefFoundError: org/apache/log/format/Formatter).  Falling back to next log system...
2025-08-04 11:32:36,704 - Trying to use logger class org.apache.velocity.runtime.log.Log4JLogChute
2025-08-04 11:32:36,704 - Using logger class org.apache.velocity.runtime.log.Log4JLogChute
2025-08-04 11:32:36,707 - ResourceLoader instantiated: org.apache.velocity.runtime.resource.loader.FileResourceLoader
2025-08-04 11:32:36,708 - Do unicode file recognition:  false
2025-08-04 11:32:36,708 - FileResourceLoader : adding path '.'
2025-08-04 11:32:36,712 - ResourceCache: initialized (class org.apache.velocity.runtime.resource.ResourceCacheImpl) with class java.util.Collections$SynchronizedMap cache map.
2025-08-04 11:32:36,713 - Loaded System Directive: org.apache.velocity.runtime.directive.Stop
2025-08-04 11:32:36,714 - Loaded System Directive: org.apache.velocity.runtime.directive.Define
2025-08-04 11:32:36,715 - Loaded System Directive: org.apache.velocity.runtime.directive.Break
2025-08-04 11:32:36,715 - Loaded System Directive: org.apache.velocity.runtime.directive.Evaluate
2025-08-04 11:32:36,716 - Loaded System Directive: org.apache.velocity.runtime.directive.Literal
2025-08-04 11:32:36,717 - Loaded System Directive: org.apache.velocity.runtime.directive.Macro
2025-08-04 11:32:36,718 - Loaded System Directive: org.apache.velocity.runtime.directive.Parse
2025-08-04 11:32:36,719 - Loaded System Directive: org.apache.velocity.runtime.directive.Include
2025-08-04 11:32:36,720 - Loaded System Directive: org.apache.velocity.runtime.directive.Foreach
2025-08-04 11:32:36,739 - Created '20' parsers.
2025-08-04 11:32:36,742 - Velocimacro : "velocimacro.library" is not set.  Trying default library: VM_global_library.vm
2025-08-04 11:32:36,742 - Velocimacro : Default library not found.
2025-08-04 11:32:36,742 - Velocimacro : allowInline = true : VMs can be defined inline in templates
2025-08-04 11:32:36,742 - Velocimacro : allowInlineToOverride = false : VMs defined inline may NOT replace previous VM definitions
2025-08-04 11:32:36,742 - Velocimacro : allowInlineLocal = false : VMs defined inline will be global in scope if allowed.
2025-08-04 11:32:36,742 - Velocimacro : autoload off : VM system will not automatically reload global library macros
2025-08-04 11:32:36,818 - Null reference [template '/path/to/${unspecified_parameter}', line 1, column 10] : ${unspecified_parameter} cannot be resolved.
2025-08-04 11:32:36,819 - Parser Exception: /path/to/${incorrect_parameter
org.apache.velocity.runtime.parser.ParseException: Encountered "<EOF>" at line 1, column 30.
Was expecting one of:
    "[" ...
    "}" ...
    
	at org.apache.velocity.runtime.parser.Parser.generateParseException(Parser.java:3679)
	at org.apache.velocity.runtime.parser.Parser.jj_consume_token(Parser.java:3558)
	at org.apache.velocity.runtime.parser.Parser.Reference(Parser.java:1521)
	at org.apache.velocity.runtime.parser.Parser.Statement(Parser.java:357)
	at org.apache.velocity.runtime.parser.Parser.process(Parser.java:317)
	at org.apache.velocity.runtime.parser.Parser.parse(Parser.java:117)
	at org.apache.velocity.runtime.RuntimeInstance.parse(RuntimeInstance.java:1226)
	at org.apache.velocity.runtime.RuntimeInstance.parse(RuntimeInstance.java:1181)
	at org.apache.velocity.runtime.RuntimeInstance.evaluate(RuntimeInstance.java:1297)
	at org.apache.velocity.runtime.RuntimeInstance.evaluate(RuntimeInstance.java:1265)
	at org.apache.velocity.app.Velocity.evaluate(Velocity.java:180)
	at org.apache.ambari.server.view.ViewContextImpl.parameterize(ViewContextImpl.java:410)
	at org.apache.ambari.server.view.ViewContextImpl.getProperties(ViewContextImpl.java:194)
	at org.apache.ambari.server.view.ViewContextImplTest.testGetPropertiesWithParameters(ViewContextImplTest.java:128)
	at sun.reflect.NativeMethodAccessorImpl.invoke0(Native Method)
	at sun.reflect.NativeMethodAccessorImpl.invoke(NativeMethodAccessorImpl.java:62)
	at sun.reflect.DelegatingMethodAccessorImpl.invoke(DelegatingMethodAccessorImpl.java:43)
	at java.lang.reflect.Method.invoke(Method.java:498)
	at org.junit.runners.model.FrameworkMethod$1.runReflectiveCall(FrameworkMethod.java:45)
	at org.junit.internal.runners.model.ReflectiveCallable.run(ReflectiveCallable.java:15)
	at org.junit.runners.model.FrameworkMethod.invokeExplosively(FrameworkMethod.java:42)
	at org.junit.internal.runners.statements.InvokeMethod.evaluate(InvokeMethod.java:20)
	at org.junit.runners.ParentRunner.runLeaf(ParentRunner.java:263)
	at org.junit.runners.BlockJUnit4ClassRunner.runChild(BlockJUnit4ClassRunner.java:68)
	at org.junit.runners.BlockJUnit4ClassRunner.runChild(BlockJUnit4ClassRunner.java:47)
	at org.junit.runners.ParentRunner$3.run(ParentRunner.java:231)
	at org.junit.runners.ParentRunner$1.schedule(ParentRunner.java:60)
	at org.junit.runners.ParentRunner.runChildren(ParentRunner.java:229)
	at org.junit.runners.ParentRunner.access$000(ParentRunner.java:50)
	at org.junit.runners.ParentRunner$2.evaluate(ParentRunner.java:222)
	at org.junit.runners.ParentRunner.run(ParentRunner.java:300)
	at org.apache.maven.surefire.junit4.JUnit4Provider.execute(JUnit4Provider.java:236)
	at org.apache.maven.surefire.junit4.JUnit4Provider.executeTestSet(JUnit4Provider.java:134)
	at org.apache.maven.surefire.junit4.JUnit4Provider.invoke(JUnit4Provider.java:113)
	at sun.reflect.NativeMethodAccessorImpl.invoke0(Native Method)
	at sun.reflect.NativeMethodAccessorImpl.invoke(NativeMethodAccessorImpl.java:62)
	at sun.reflect.DelegatingMethodAccessorImpl.invoke(DelegatingMethodAccessorImpl.java:43)
	at java.lang.reflect.Method.invoke(Method.java:498)
	at org.apache.maven.surefire.util.ReflectionUtils.invokeMethodWithArray(ReflectionUtils.java:189)
	at org.apache.maven.surefire.booter.ProviderFactory$ProviderProxy.invoke(ProviderFactory.java:165)
	at org.apache.maven.surefire.booter.ProviderFactory.invokeProvider(ProviderFactory.java:85)
	at org.apache.maven.surefire.booter.ForkedBooter.runSuitesInProcess(ForkedBooter.java:103)
	at org.apache.maven.surefire.booter.ForkedBooter.main(ForkedBooter.java:74)
2025-08-04 11:32:36,821 - Null reference [template '/path/to/${unspecified_parameter}', line 1, column 10] : ${unspecified_parameter} cannot be resolved.
2025-08-04 11:32:36,822 - Parser Exception: /path/to/${incorrect_parameter
org.apache.velocity.runtime.parser.ParseException: Encountered "<EOF>" at line 1, column 30.
Was expecting one of:
    "[" ...
    "}" ...
    
	at org.apache.velocity.runtime.parser.Parser.generateParseException(Parser.java:3679)
	at org.apache.velocity.runtime.parser.Parser.jj_consume_token(Parser.java:3558)
	at org.apache.velocity.runtime.parser.Parser.Reference(Parser.java:1521)
	at org.apache.velocity.runtime.parser.Parser.Statement(Parser.java:357)
	at org.apache.velocity.runtime.parser.Parser.process(Parser.java:317)
	at org.apache.velocity.runtime.parser.Parser.parse(Parser.java:117)
	at org.apache.velocity.runtime.RuntimeInstance.parse(RuntimeInstance.java:1226)
	at org.apache.velocity.runtime.RuntimeInstance.parse(RuntimeInstance.java:1181)
	at org.apache.velocity.runtime.RuntimeInstance.evaluate(RuntimeInstance.java:1297)
	at org.apache.velocity.runtime.RuntimeInstance.evaluate(RuntimeInstance.java:1265)
	at org.apache.velocity.app.Velocity.evaluate(Velocity.java:180)
	at org.apache.ambari.server.view.ViewContextImpl.parameterize(ViewContextImpl.java:410)
	at org.apache.ambari.server.view.ViewContextImpl.getProperties(ViewContextImpl.java:194)
	at org.apache.ambari.server.view.ViewContextImplTest.testGetPropertiesWithParameters(ViewContextImplTest.java:139)
	at sun.reflect.NativeMethodAccessorImpl.invoke0(Native Method)
	at sun.reflect.NativeMethodAccessorImpl.invoke(NativeMethodAccessorImpl.java:62)
	at sun.reflect.DelegatingMethodAccessorImpl.invoke(DelegatingMethodAccessorImpl.java:43)
	at java.lang.reflect.Method.invoke(Method.java:498)
	at org.junit.runners.model.FrameworkMethod$1.runReflectiveCall(FrameworkMethod.java:45)
	at org.junit.internal.runners.model.ReflectiveCallable.run(ReflectiveCallable.java:15)
	at org.junit.runners.model.FrameworkMethod.invokeExplosively(FrameworkMethod.java:42)
	at org.junit.internal.runners.statements.InvokeMethod.evaluate(InvokeMethod.java:20)
	at org.junit.runners.ParentRunner.runLeaf(ParentRunner.java:263)
	at org.junit.runners.BlockJUnit4ClassRunner.runChild(BlockJUnit4ClassRunner.java:68)
	at org.junit.runners.BlockJUnit4ClassRunner.runChild(BlockJUnit4ClassRunner.java:47)
	at org.junit.runners.ParentRunner$3.run(ParentRunner.java:231)
	at org.junit.runners.ParentRunner$1.schedule(ParentRunner.java:60)
	at org.junit.runners.ParentRunner.runChildren(ParentRunner.java:229)
	at org.junit.runners.ParentRunner.access$000(ParentRunner.java:50)
	at org.junit.runners.ParentRunner$2.evaluate(ParentRunner.java:222)
	at org.junit.runners.ParentRunner.run(ParentRunner.java:300)
	at org.apache.maven.surefire.junit4.JUnit4Provider.execute(JUnit4Provider.java:236)
	at org.apache.maven.surefire.junit4.JUnit4Provider.executeTestSet(JUnit4Provider.java:134)
	at org.apache.maven.surefire.junit4.JUnit4Provider.invoke(JUnit4Provider.java:113)
	at sun.reflect.NativeMethodAccessorImpl.invoke0(Native Method)
	at sun.reflect.NativeMethodAccessorImpl.invoke(NativeMethodAccessorImpl.java:62)
	at sun.reflect.DelegatingMethodAccessorImpl.invoke(DelegatingMethodAccessorImpl.java:43)
	at java.lang.reflect.Method.invoke(Method.java:498)
	at org.apache.maven.surefire.util.ReflectionUtils.invokeMethodWithArray(ReflectionUtils.java:189)
	at org.apache.maven.surefire.booter.ProviderFactory$ProviderProxy.invoke(ProviderFactory.java:165)
	at org.apache.maven.surefire.booter.ProviderFactory.invokeProvider(ProviderFactory.java:85)
	at org.apache.maven.surefire.booter.ForkedBooter.runSuitesInProcess(ForkedBooter.java:103)
	at org.apache.maven.surefire.booter.ForkedBooter.main(ForkedBooter.java:74)
2025-08-04 11:41:14,243 - Log4JLogChute initialized using file 'velocity.log'
2025-08-04 11:41:14,243 - Initializing Velocity, Calling init()...
2025-08-04 11:41:14,243 - Starting Apache Velocity v1.7 (compiled: 2010-11-19 12:14:37)
2025-08-04 11:41:14,243 - Default Properties File: org/apache/velocity/runtime/defaults/velocity.properties
2025-08-04 11:41:14,243 - Trying to use logger class org.apache.velocity.runtime.log.AvalonLogChute
2025-08-04 11:41:14,243 - Target log system for org.apache.velocity.runtime.log.AvalonLogChute is not available (java.lang.NoClassDefFoundError: org/apache/log/format/Formatter).  Falling back to next log system...
2025-08-04 11:41:14,243 - Trying to use logger class org.apache.velocity.runtime.log.Log4JLogChute
2025-08-04 11:41:14,243 - Using logger class org.apache.velocity.runtime.log.Log4JLogChute
2025-08-04 11:41:14,246 - ResourceLoader instantiated: org.apache.velocity.runtime.resource.loader.FileResourceLoader
2025-08-04 11:41:14,246 - Do unicode file recognition:  false
2025-08-04 11:41:14,246 - FileResourceLoader : adding path '.'
2025-08-04 11:41:14,251 - ResourceCache: initialized (class org.apache.velocity.runtime.resource.ResourceCacheImpl) with class java.util.Collections$SynchronizedMap cache map.
2025-08-04 11:41:14,251 - Loaded System Directive: org.apache.velocity.runtime.directive.Stop
2025-08-04 11:41:14,252 - Loaded System Directive: org.apache.velocity.runtime.directive.Define
2025-08-04 11:41:14,252 - Loaded System Directive: org.apache.velocity.runtime.directive.Break
2025-08-04 11:41:14,252 - Loaded System Directive: org.apache.velocity.runtime.directive.Evaluate
2025-08-04 11:41:14,253 - Loaded System Directive: org.apache.velocity.runtime.directive.Literal
2025-08-04 11:41:14,253 - Loaded System Directive: org.apache.velocity.runtime.directive.Macro
2025-08-04 11:41:14,254 - Loaded System Directive: org.apache.velocity.runtime.directive.Parse
2025-08-04 11:41:14,254 - Loaded System Directive: org.apache.velocity.runtime.directive.Include
2025-08-04 11:41:14,255 - Loaded System Directive: org.apache.velocity.runtime.directive.Foreach
2025-08-04 11:41:14,267 - Created '20' parsers.
2025-08-04 11:41:14,270 - Velocimacro : "velocimacro.library" is not set.  Trying default library: VM_global_library.vm
2025-08-04 11:41:14,270 - Velocimacro : Default library not found.
2025-08-04 11:41:14,270 - Velocimacro : allowInline = true : VMs can be defined inline in templates
2025-08-04 11:41:14,270 - Velocimacro : allowInlineToOverride = false : VMs defined inline may NOT replace previous VM definitions
2025-08-04 11:41:14,270 - Velocimacro : allowInlineLocal = false : VMs defined inline will be global in scope if allowed.
2025-08-04 11:41:14,270 - Velocimacro : autoload off : VM system will not automatically reload global library macros
2025-08-04 11:52:05,747 - Log4JLogChute initialized using file 'velocity.log'
2025-08-04 11:52:05,747 - Initializing Velocity, Calling init()...
2025-08-04 11:52:05,747 - Starting Apache Velocity v1.7 (compiled: 2010-11-19 12:14:37)
2025-08-04 11:52:05,747 - Default Properties File: org/apache/velocity/runtime/defaults/velocity.properties
2025-08-04 11:52:05,747 - Trying to use logger class org.apache.velocity.runtime.log.AvalonLogChute
2025-08-04 11:52:05,747 - Target log system for org.apache.velocity.runtime.log.AvalonLogChute is not available (java.lang.NoClassDefFoundError: org/apache/log/format/Formatter).  Falling back to next log system...
2025-08-04 11:52:05,747 - Trying to use logger class org.apache.velocity.runtime.log.Log4JLogChute
2025-08-04 11:52:05,747 - Using logger class org.apache.velocity.runtime.log.Log4JLogChute
2025-08-04 11:52:05,751 - ResourceLoader instantiated: org.apache.velocity.runtime.resource.loader.FileResourceLoader
2025-08-04 11:52:05,752 - Do unicode file recognition:  false
2025-08-04 11:52:05,752 - FileResourceLoader : adding path '.'
2025-08-04 11:52:05,759 - ResourceCache: initialized (class org.apache.velocity.runtime.resource.ResourceCacheImpl) with class java.util.Collections$SynchronizedMap cache map.
2025-08-04 11:52:05,760 - Loaded System Directive: org.apache.velocity.runtime.directive.Stop
2025-08-04 11:52:05,761 - Loaded System Directive: org.apache.velocity.runtime.directive.Define
2025-08-04 11:52:05,761 - Loaded System Directive: org.apache.velocity.runtime.directive.Break
2025-08-04 11:52:05,762 - Loaded System Directive: org.apache.velocity.runtime.directive.Evaluate
2025-08-04 11:52:05,762 - Loaded System Directive: org.apache.velocity.runtime.directive.Literal
2025-08-04 11:52:05,763 - Loaded System Directive: org.apache.velocity.runtime.directive.Macro
2025-08-04 11:52:05,764 - Loaded System Directive: org.apache.velocity.runtime.directive.Parse
2025-08-04 11:52:05,765 - Loaded System Directive: org.apache.velocity.runtime.directive.Include
2025-08-04 11:52:05,765 - Loaded System Directive: org.apache.velocity.runtime.directive.Foreach
2025-08-04 11:52:05,859 - Created '20' parsers.
2025-08-04 11:52:05,863 - Velocimacro : "velocimacro.library" is not set.  Trying default library: VM_global_library.vm
2025-08-04 11:52:05,863 - Velocimacro : Default library not found.
2025-08-04 11:52:05,863 - Velocimacro : allowInline = true : VMs can be defined inline in templates
2025-08-04 11:52:05,863 - Velocimacro : allowInlineToOverride = false : VMs defined inline may NOT replace previous VM definitions
2025-08-04 11:52:05,863 - Velocimacro : allowInlineLocal = false : VMs defined inline will be global in scope if allowed.
2025-08-04 11:52:05,863 - Velocimacro : autoload off : VM system will not automatically reload global library macros
2025-08-04 11:52:05,884 - Null reference [template 'ambari-alerts', line 135, column 19] : $alert.getAlertDefinition().getLabel() cannot be resolved.
2025-08-04 12:03:29,485 - Log4JLogChute initialized using file 'velocity.log'
2025-08-04 12:03:29,485 - Initializing Velocity, Calling init()...
2025-08-04 12:03:29,485 - Starting Apache Velocity v1.7 (compiled: 2010-11-19 12:14:37)
2025-08-04 12:03:29,485 - Default Properties File: org/apache/velocity/runtime/defaults/velocity.properties
2025-08-04 12:03:29,485 - Trying to use logger class org.apache.velocity.runtime.log.AvalonLogChute
2025-08-04 12:03:29,485 - Target log system for org.apache.velocity.runtime.log.AvalonLogChute is not available (java.lang.NoClassDefFoundError: org/apache/log/format/Formatter).  Falling back to next log system...
2025-08-04 12:03:29,485 - Trying to use logger class org.apache.velocity.runtime.log.Log4JLogChute
2025-08-04 12:03:29,485 - Using logger class org.apache.velocity.runtime.log.Log4JLogChute
2025-08-04 12:03:29,488 - ResourceLoader instantiated: org.apache.velocity.runtime.resource.loader.FileResourceLoader
2025-08-04 12:03:29,489 - Do unicode file recognition:  false
2025-08-04 12:03:29,489 - FileResourceLoader : adding path '.'
2025-08-04 12:03:29,491 - ResourceCache: initialized (class org.apache.velocity.runtime.resource.ResourceCacheImpl) with class java.util.Collections$SynchronizedMap cache map.
2025-08-04 12:03:29,492 - Loaded System Directive: org.apache.velocity.runtime.directive.Stop
2025-08-04 12:03:29,493 - Loaded System Directive: org.apache.velocity.runtime.directive.Define
2025-08-04 12:03:29,493 - Loaded System Directive: org.apache.velocity.runtime.directive.Break
2025-08-04 12:03:29,493 - Loaded System Directive: org.apache.velocity.runtime.directive.Evaluate
2025-08-04 12:03:29,493 - Loaded System Directive: org.apache.velocity.runtime.directive.Literal
2025-08-04 12:03:29,494 - Loaded System Directive: org.apache.velocity.runtime.directive.Macro
2025-08-04 12:03:29,494 - Loaded System Directive: org.apache.velocity.runtime.directive.Parse
2025-08-04 12:03:29,495 - Loaded System Directive: org.apache.velocity.runtime.directive.Include
2025-08-04 12:03:29,496 - Loaded System Directive: org.apache.velocity.runtime.directive.Foreach
2025-08-04 12:03:29,509 - Created '20' parsers.
2025-08-04 12:03:29,512 - Velocimacro : "velocimacro.library" is not set.  Trying default library: VM_global_library.vm
2025-08-04 12:03:29,512 - Velocimacro : Default library not found.
2025-08-04 12:03:29,512 - Velocimacro : allowInline = true : VMs can be defined inline in templates
2025-08-04 12:03:29,512 - Velocimacro : allowInlineToOverride = false : VMs defined inline may NOT replace previous VM definitions
2025-08-04 12:03:29,512 - Velocimacro : allowInlineLocal = false : VMs defined inline will be global in scope if allowed.
2025-08-04 12:03:29,512 - Velocimacro : autoload off : VM system will not automatically reload global library macros
2025-08-04 12:03:29,566 - Null reference [template '/path/to/${unspecified_parameter}', line 1, column 10] : ${unspecified_parameter} cannot be resolved.
2025-08-04 12:03:29,567 - Parser Exception: /path/to/${incorrect_parameter
org.apache.velocity.runtime.parser.ParseException: Encountered "<EOF>" at line 1, column 30.
Was expecting one of:
    "[" ...
    "}" ...
    
	at org.apache.velocity.runtime.parser.Parser.generateParseException(Parser.java:3679)
	at org.apache.velocity.runtime.parser.Parser.jj_consume_token(Parser.java:3558)
	at org.apache.velocity.runtime.parser.Parser.Reference(Parser.java:1521)
	at org.apache.velocity.runtime.parser.Parser.Statement(Parser.java:357)
	at org.apache.velocity.runtime.parser.Parser.process(Parser.java:317)
	at org.apache.velocity.runtime.parser.Parser.parse(Parser.java:117)
	at org.apache.velocity.runtime.RuntimeInstance.parse(RuntimeInstance.java:1226)
	at org.apache.velocity.runtime.RuntimeInstance.parse(RuntimeInstance.java:1181)
	at org.apache.velocity.runtime.RuntimeInstance.evaluate(RuntimeInstance.java:1297)
	at org.apache.velocity.runtime.RuntimeInstance.evaluate(RuntimeInstance.java:1265)
	at org.apache.velocity.app.Velocity.evaluate(Velocity.java:180)
	at org.apache.ambari.server.view.ViewContextImpl.parameterize(ViewContextImpl.java:410)
	at org.apache.ambari.server.view.ViewContextImpl.getProperties(ViewContextImpl.java:194)
	at org.apache.ambari.server.view.ViewContextImplTest.testGetPropertiesWithParameters(ViewContextImplTest.java:128)
	at sun.reflect.NativeMethodAccessorImpl.invoke0(Native Method)
	at sun.reflect.NativeMethodAccessorImpl.invoke(NativeMethodAccessorImpl.java:62)
	at sun.reflect.DelegatingMethodAccessorImpl.invoke(DelegatingMethodAccessorImpl.java:43)
	at java.lang.reflect.Method.invoke(Method.java:498)
	at org.junit.runners.model.FrameworkMethod$1.runReflectiveCall(FrameworkMethod.java:45)
	at org.junit.internal.runners.model.ReflectiveCallable.run(ReflectiveCallable.java:15)
	at org.junit.runners.model.FrameworkMethod.invokeExplosively(FrameworkMethod.java:42)
	at org.junit.internal.runners.statements.InvokeMethod.evaluate(InvokeMethod.java:20)
	at org.junit.runners.ParentRunner.runLeaf(ParentRunner.java:263)
	at org.junit.runners.BlockJUnit4ClassRunner.runChild(BlockJUnit4ClassRunner.java:68)
	at org.junit.runners.BlockJUnit4ClassRunner.runChild(BlockJUnit4ClassRunner.java:47)
	at org.junit.runners.ParentRunner$3.run(ParentRunner.java:231)
	at org.junit.runners.ParentRunner$1.schedule(ParentRunner.java:60)
	at org.junit.runners.ParentRunner.runChildren(ParentRunner.java:229)
	at org.junit.runners.ParentRunner.access$000(ParentRunner.java:50)
	at org.junit.runners.ParentRunner$2.evaluate(ParentRunner.java:222)
	at org.junit.runners.ParentRunner.run(ParentRunner.java:300)
	at org.apache.maven.surefire.junit4.JUnit4Provider.execute(JUnit4Provider.java:236)
	at org.apache.maven.surefire.junit4.JUnit4Provider.executeTestSet(JUnit4Provider.java:134)
	at org.apache.maven.surefire.junit4.JUnit4Provider.invoke(JUnit4Provider.java:113)
	at sun.reflect.NativeMethodAccessorImpl.invoke0(Native Method)
	at sun.reflect.NativeMethodAccessorImpl.invoke(NativeMethodAccessorImpl.java:62)
	at sun.reflect.DelegatingMethodAccessorImpl.invoke(DelegatingMethodAccessorImpl.java:43)
	at java.lang.reflect.Method.invoke(Method.java:498)
	at org.apache.maven.surefire.util.ReflectionUtils.invokeMethodWithArray(ReflectionUtils.java:189)
	at org.apache.maven.surefire.booter.ProviderFactory$ProviderProxy.invoke(ProviderFactory.java:165)
	at org.apache.maven.surefire.booter.ProviderFactory.invokeProvider(ProviderFactory.java:85)
	at org.apache.maven.surefire.booter.ForkedBooter.runSuitesInProcess(ForkedBooter.java:103)
	at org.apache.maven.surefire.booter.ForkedBooter.main(ForkedBooter.java:74)
2025-08-04 12:03:29,569 - Null reference [template '/path/to/${unspecified_parameter}', line 1, column 10] : ${unspecified_parameter} cannot be resolved.
2025-08-04 12:03:29,569 - Parser Exception: /path/to/${incorrect_parameter
org.apache.velocity.runtime.parser.ParseException: Encountered "<EOF>" at line 1, column 30.
Was expecting one of:
    "[" ...
    "}" ...
    
	at org.apache.velocity.runtime.parser.Parser.generateParseException(Parser.java:3679)
	at org.apache.velocity.runtime.parser.Parser.jj_consume_token(Parser.java:3558)
	at org.apache.velocity.runtime.parser.Parser.Reference(Parser.java:1521)
	at org.apache.velocity.runtime.parser.Parser.Statement(Parser.java:357)
	at org.apache.velocity.runtime.parser.Parser.process(Parser.java:317)
	at org.apache.velocity.runtime.parser.Parser.parse(Parser.java:117)
	at org.apache.velocity.runtime.RuntimeInstance.parse(RuntimeInstance.java:1226)
	at org.apache.velocity.runtime.RuntimeInstance.parse(RuntimeInstance.java:1181)
	at org.apache.velocity.runtime.RuntimeInstance.evaluate(RuntimeInstance.java:1297)
	at org.apache.velocity.runtime.RuntimeInstance.evaluate(RuntimeInstance.java:1265)
	at org.apache.velocity.app.Velocity.evaluate(Velocity.java:180)
	at org.apache.ambari.server.view.ViewContextImpl.parameterize(ViewContextImpl.java:410)
	at org.apache.ambari.server.view.ViewContextImpl.getProperties(ViewContextImpl.java:194)
	at org.apache.ambari.server.view.ViewContextImplTest.testGetPropertiesWithParameters(ViewContextImplTest.java:139)
	at sun.reflect.NativeMethodAccessorImpl.invoke0(Native Method)
	at sun.reflect.NativeMethodAccessorImpl.invoke(NativeMethodAccessorImpl.java:62)
	at sun.reflect.DelegatingMethodAccessorImpl.invoke(DelegatingMethodAccessorImpl.java:43)
	at java.lang.reflect.Method.invoke(Method.java:498)
	at org.junit.runners.model.FrameworkMethod$1.runReflectiveCall(FrameworkMethod.java:45)
	at org.junit.internal.runners.model.ReflectiveCallable.run(ReflectiveCallable.java:15)
	at org.junit.runners.model.FrameworkMethod.invokeExplosively(FrameworkMethod.java:42)
	at org.junit.internal.runners.statements.InvokeMethod.evaluate(InvokeMethod.java:20)
	at org.junit.runners.ParentRunner.runLeaf(ParentRunner.java:263)
	at org.junit.runners.BlockJUnit4ClassRunner.runChild(BlockJUnit4ClassRunner.java:68)
	at org.junit.runners.BlockJUnit4ClassRunner.runChild(BlockJUnit4ClassRunner.java:47)
	at org.junit.runners.ParentRunner$3.run(ParentRunner.java:231)
	at org.junit.runners.ParentRunner$1.schedule(ParentRunner.java:60)
	at org.junit.runners.ParentRunner.runChildren(ParentRunner.java:229)
	at org.junit.runners.ParentRunner.access$000(ParentRunner.java:50)
	at org.junit.runners.ParentRunner$2.evaluate(ParentRunner.java:222)
	at org.junit.runners.ParentRunner.run(ParentRunner.java:300)
	at org.apache.maven.surefire.junit4.JUnit4Provider.execute(JUnit4Provider.java:236)
	at org.apache.maven.surefire.junit4.JUnit4Provider.executeTestSet(JUnit4Provider.java:134)
	at org.apache.maven.surefire.junit4.JUnit4Provider.invoke(JUnit4Provider.java:113)
	at sun.reflect.NativeMethodAccessorImpl.invoke0(Native Method)
	at sun.reflect.NativeMethodAccessorImpl.invoke(NativeMethodAccessorImpl.java:62)
	at sun.reflect.DelegatingMethodAccessorImpl.invoke(DelegatingMethodAccessorImpl.java:43)
	at java.lang.reflect.Method.invoke(Method.java:498)
	at org.apache.maven.surefire.util.ReflectionUtils.invokeMethodWithArray(ReflectionUtils.java:189)
	at org.apache.maven.surefire.booter.ProviderFactory$ProviderProxy.invoke(ProviderFactory.java:165)
	at org.apache.maven.surefire.booter.ProviderFactory.invokeProvider(ProviderFactory.java:85)
	at org.apache.maven.surefire.booter.ForkedBooter.runSuitesInProcess(ForkedBooter.java:103)
	at org.apache.maven.surefire.booter.ForkedBooter.main(ForkedBooter.java:74)
2025-08-04 13:14:04,531 - Log4JLogChute initialized using file 'velocity.log'
2025-08-04 13:14:04,531 - Initializing Velocity, Calling init()...
2025-08-04 13:14:04,531 - Starting Apache Velocity v1.7 (compiled: 2010-11-19 12:14:37)
2025-08-04 13:14:04,531 - Default Properties File: org/apache/velocity/runtime/defaults/velocity.properties
2025-08-04 13:14:04,531 - Trying to use logger class org.apache.velocity.runtime.log.AvalonLogChute
2025-08-04 13:14:04,531 - Target log system for org.apache.velocity.runtime.log.AvalonLogChute is not available (java.lang.NoClassDefFoundError: org/apache/log/format/Formatter).  Falling back to next log system...
2025-08-04 13:14:04,531 - Trying to use logger class org.apache.velocity.runtime.log.Log4JLogChute
2025-08-04 13:14:04,531 - Using logger class org.apache.velocity.runtime.log.Log4JLogChute
2025-08-04 13:14:04,536 - ResourceLoader instantiated: org.apache.velocity.runtime.resource.loader.FileResourceLoader
2025-08-04 13:14:04,537 - Do unicode file recognition:  false
2025-08-04 13:14:04,537 - FileResourceLoader : adding path '.'
2025-08-04 13:14:04,547 - ResourceCache: initialized (class org.apache.velocity.runtime.resource.ResourceCacheImpl) with class java.util.Collections$SynchronizedMap cache map.
2025-08-04 13:14:04,549 - Loaded System Directive: org.apache.velocity.runtime.directive.Stop
2025-08-04 13:14:04,550 - Loaded System Directive: org.apache.velocity.runtime.directive.Define
2025-08-04 13:14:04,551 - Loaded System Directive: org.apache.velocity.runtime.directive.Break
2025-08-04 13:14:04,552 - Loaded System Directive: org.apache.velocity.runtime.directive.Evaluate
2025-08-04 13:14:04,552 - Loaded System Directive: org.apache.velocity.runtime.directive.Literal
2025-08-04 13:14:04,553 - Loaded System Directive: org.apache.velocity.runtime.directive.Macro
2025-08-04 13:14:04,555 - Loaded System Directive: org.apache.velocity.runtime.directive.Parse
2025-08-04 13:14:04,556 - Loaded System Directive: org.apache.velocity.runtime.directive.Include
2025-08-04 13:14:04,557 - Loaded System Directive: org.apache.velocity.runtime.directive.Foreach
2025-08-04 13:14:04,584 - Created '20' parsers.
2025-08-04 13:14:04,590 - Velocimacro : "velocimacro.library" is not set.  Trying default library: VM_global_library.vm
2025-08-04 13:14:04,590 - Velocimacro : Default library not found.
2025-08-04 13:14:04,590 - Velocimacro : allowInline = true : VMs can be defined inline in templates
2025-08-04 13:14:04,590 - Velocimacro : allowInlineToOverride = false : VMs defined inline may NOT replace previous VM definitions
2025-08-04 13:14:04,590 - Velocimacro : allowInlineLocal = false : VMs defined inline will be global in scope if allowed.
2025-08-04 13:14:04,590 - Velocimacro : autoload off : VM system will not automatically reload global library macros
2025-08-04 13:31:13,756 - Log4JLogChute initialized using file 'velocity.log'
2025-08-04 13:31:13,756 - Initializing Velocity, Calling init()...
2025-08-04 13:31:13,756 - Starting Apache Velocity v1.7 (compiled: 2010-11-19 12:14:37)
2025-08-04 13:31:13,756 - Default Properties File: org/apache/velocity/runtime/defaults/velocity.properties
2025-08-04 13:31:13,756 - Trying to use logger class org.apache.velocity.runtime.log.AvalonLogChute
2025-08-04 13:31:13,756 - Target log system for org.apache.velocity.runtime.log.AvalonLogChute is not available (java.lang.NoClassDefFoundError: org/apache/log/format/Formatter).  Falling back to next log system...
2025-08-04 13:31:13,756 - Trying to use logger class org.apache.velocity.runtime.log.Log4JLogChute
2025-08-04 13:31:13,756 - Using logger class org.apache.velocity.runtime.log.Log4JLogChute
2025-08-04 13:31:13,760 - ResourceLoader instantiated: org.apache.velocity.runtime.resource.loader.FileResourceLoader
2025-08-04 13:31:13,761 - Do unicode file recognition:  false
2025-08-04 13:31:13,761 - FileResourceLoader : adding path '.'
2025-08-04 13:31:13,769 - ResourceCache: initialized (class org.apache.velocity.runtime.resource.ResourceCacheImpl) with class java.util.Collections$SynchronizedMap cache map.
2025-08-04 13:31:13,770 - Loaded System Directive: org.apache.velocity.runtime.directive.Stop
2025-08-04 13:31:13,771 - Loaded System Directive: org.apache.velocity.runtime.directive.Define
2025-08-04 13:31:13,771 - Loaded System Directive: org.apache.velocity.runtime.directive.Break
2025-08-04 13:31:13,772 - Loaded System Directive: org.apache.velocity.runtime.directive.Evaluate
2025-08-04 13:31:13,772 - Loaded System Directive: org.apache.velocity.runtime.directive.Literal
2025-08-04 13:31:13,773 - Loaded System Directive: org.apache.velocity.runtime.directive.Macro
2025-08-04 13:31:13,774 - Loaded System Directive: org.apache.velocity.runtime.directive.Parse
2025-08-04 13:31:13,775 - Loaded System Directive: org.apache.velocity.runtime.directive.Include
2025-08-04 13:31:13,775 - Loaded System Directive: org.apache.velocity.runtime.directive.Foreach
2025-08-04 13:31:13,885 - Created '20' parsers.
2025-08-04 13:31:13,890 - Velocimacro : "velocimacro.library" is not set.  Trying default library: VM_global_library.vm
2025-08-04 13:31:13,890 - Velocimacro : Default library not found.
2025-08-04 13:31:13,890 - Velocimacro : allowInline = true : VMs can be defined inline in templates
2025-08-04 13:31:13,890 - Velocimacro : allowInlineToOverride = false : VMs defined inline may NOT replace previous VM definitions
2025-08-04 13:31:13,890 - Velocimacro : allowInlineLocal = false : VMs defined inline will be global in scope if allowed.
2025-08-04 13:31:13,890 - Velocimacro : autoload off : VM system will not automatically reload global library macros
2025-08-04 13:31:14,117 - Null reference [template 'ambari-alerts', line 135, column 19] : $alert.getAlertDefinition().getLabel() cannot be resolved.
2025-08-04 13:45:42,453 - Log4JLogChute initialized using file 'velocity.log'
2025-08-04 13:45:42,454 - Initializing Velocity, Calling init()...
2025-08-04 13:45:42,454 - Starting Apache Velocity v1.7 (compiled: 2010-11-19 12:14:37)
2025-08-04 13:45:42,454 - Default Properties File: org/apache/velocity/runtime/defaults/velocity.properties
2025-08-04 13:45:42,454 - Trying to use logger class org.apache.velocity.runtime.log.AvalonLogChute
2025-08-04 13:45:42,454 - Target log system for org.apache.velocity.runtime.log.AvalonLogChute is not available (java.lang.NoClassDefFoundError: org/apache/log/format/Formatter).  Falling back to next log system...
2025-08-04 13:45:42,454 - Trying to use logger class org.apache.velocity.runtime.log.Log4JLogChute
2025-08-04 13:45:42,454 - Using logger class org.apache.velocity.runtime.log.Log4JLogChute
2025-08-04 13:45:42,458 - ResourceLoader instantiated: org.apache.velocity.runtime.resource.loader.FileResourceLoader
2025-08-04 13:45:42,459 - Do unicode file recognition:  false
2025-08-04 13:45:42,459 - FileResourceLoader : adding path '.'
2025-08-04 13:45:42,464 - ResourceCache: initialized (class org.apache.velocity.runtime.resource.ResourceCacheImpl) with class java.util.Collections$SynchronizedMap cache map.
2025-08-04 13:45:42,465 - Loaded System Directive: org.apache.velocity.runtime.directive.Stop
2025-08-04 13:45:42,466 - Loaded System Directive: org.apache.velocity.runtime.directive.Define
2025-08-04 13:45:42,466 - Loaded System Directive: org.apache.velocity.runtime.directive.Break
2025-08-04 13:45:42,467 - Loaded System Directive: org.apache.velocity.runtime.directive.Evaluate
2025-08-04 13:45:42,468 - Loaded System Directive: org.apache.velocity.runtime.directive.Literal
2025-08-04 13:45:42,468 - Loaded System Directive: org.apache.velocity.runtime.directive.Macro
2025-08-04 13:45:42,470 - Loaded System Directive: org.apache.velocity.runtime.directive.Parse
2025-08-04 13:45:42,471 - Loaded System Directive: org.apache.velocity.runtime.directive.Include
2025-08-04 13:45:42,472 - Loaded System Directive: org.apache.velocity.runtime.directive.Foreach
2025-08-04 13:45:42,496 - Created '20' parsers.
2025-08-04 13:45:42,502 - Velocimacro : "velocimacro.library" is not set.  Trying default library: VM_global_library.vm
2025-08-04 13:45:42,502 - Velocimacro : Default library not found.
2025-08-04 13:45:42,502 - Velocimacro : allowInline = true : VMs can be defined inline in templates
2025-08-04 13:45:42,502 - Velocimacro : allowInlineToOverride = false : VMs defined inline may NOT replace previous VM definitions
2025-08-04 13:45:42,502 - Velocimacro : allowInlineLocal = false : VMs defined inline will be global in scope if allowed.
2025-08-04 13:45:42,502 - Velocimacro : autoload off : VM system will not automatically reload global library macros
2025-08-04 13:45:42,659 - Null reference [template '/path/to/${unspecified_parameter}', line 1, column 10] : ${unspecified_parameter} cannot be resolved.
2025-08-04 13:45:42,660 - Parser Exception: /path/to/${incorrect_parameter
org.apache.velocity.runtime.parser.ParseException: Encountered "<EOF>" at line 1, column 30.
Was expecting one of:
    "[" ...
    "}" ...
    
	at org.apache.velocity.runtime.parser.Parser.generateParseException(Parser.java:3679)
	at org.apache.velocity.runtime.parser.Parser.jj_consume_token(Parser.java:3558)
	at org.apache.velocity.runtime.parser.Parser.Reference(Parser.java:1521)
	at org.apache.velocity.runtime.parser.Parser.Statement(Parser.java:357)
	at org.apache.velocity.runtime.parser.Parser.process(Parser.java:317)
	at org.apache.velocity.runtime.parser.Parser.parse(Parser.java:117)
	at org.apache.velocity.runtime.RuntimeInstance.parse(RuntimeInstance.java:1226)
	at org.apache.velocity.runtime.RuntimeInstance.parse(RuntimeInstance.java:1181)
	at org.apache.velocity.runtime.RuntimeInstance.evaluate(RuntimeInstance.java:1297)
	at org.apache.velocity.runtime.RuntimeInstance.evaluate(RuntimeInstance.java:1265)
	at org.apache.velocity.app.Velocity.evaluate(Velocity.java:180)
	at org.apache.ambari.server.view.ViewContextImpl.parameterize(ViewContextImpl.java:410)
	at org.apache.ambari.server.view.ViewContextImpl.getProperties(ViewContextImpl.java:194)
	at org.apache.ambari.server.view.ViewContextImplTest.testGetPropertiesWithParameters(ViewContextImplTest.java:128)
	at sun.reflect.NativeMethodAccessorImpl.invoke0(Native Method)
	at sun.reflect.NativeMethodAccessorImpl.invoke(NativeMethodAccessorImpl.java:62)
	at sun.reflect.DelegatingMethodAccessorImpl.invoke(DelegatingMethodAccessorImpl.java:43)
	at java.lang.reflect.Method.invoke(Method.java:498)
	at org.junit.runners.model.FrameworkMethod$1.runReflectiveCall(FrameworkMethod.java:45)
	at org.junit.internal.runners.model.ReflectiveCallable.run(ReflectiveCallable.java:15)
	at org.junit.runners.model.FrameworkMethod.invokeExplosively(FrameworkMethod.java:42)
	at org.junit.internal.runners.statements.InvokeMethod.evaluate(InvokeMethod.java:20)
	at org.junit.runners.ParentRunner.runLeaf(ParentRunner.java:263)
	at org.junit.runners.BlockJUnit4ClassRunner.runChild(BlockJUnit4ClassRunner.java:68)
	at org.junit.runners.BlockJUnit4ClassRunner.runChild(BlockJUnit4ClassRunner.java:47)
	at org.junit.runners.ParentRunner$3.run(ParentRunner.java:231)
	at org.junit.runners.ParentRunner$1.schedule(ParentRunner.java:60)
	at org.junit.runners.ParentRunner.runChildren(ParentRunner.java:229)
	at org.junit.runners.ParentRunner.access$000(ParentRunner.java:50)
	at org.junit.runners.ParentRunner$2.evaluate(ParentRunner.java:222)
	at org.junit.runners.ParentRunner.run(ParentRunner.java:300)
	at org.apache.maven.surefire.junit4.JUnit4Provider.execute(JUnit4Provider.java:236)
	at org.apache.maven.surefire.junit4.JUnit4Provider.executeTestSet(JUnit4Provider.java:134)
	at org.apache.maven.surefire.junit4.JUnit4Provider.invoke(JUnit4Provider.java:113)
	at sun.reflect.NativeMethodAccessorImpl.invoke0(Native Method)
	at sun.reflect.NativeMethodAccessorImpl.invoke(NativeMethodAccessorImpl.java:62)
	at sun.reflect.DelegatingMethodAccessorImpl.invoke(DelegatingMethodAccessorImpl.java:43)
	at java.lang.reflect.Method.invoke(Method.java:498)
	at org.apache.maven.surefire.util.ReflectionUtils.invokeMethodWithArray(ReflectionUtils.java:189)
	at org.apache.maven.surefire.booter.ProviderFactory$ProviderProxy.invoke(ProviderFactory.java:165)
	at org.apache.maven.surefire.booter.ProviderFactory.invokeProvider(ProviderFactory.java:85)
	at org.apache.maven.surefire.booter.ForkedBooter.runSuitesInProcess(ForkedBooter.java:103)
	at org.apache.maven.surefire.booter.ForkedBooter.main(ForkedBooter.java:74)
2025-08-04 13:45:42,664 - Null reference [template '/path/to/${unspecified_parameter}', line 1, column 10] : ${unspecified_parameter} cannot be resolved.
2025-08-04 13:45:42,664 - Parser Exception: /path/to/${incorrect_parameter
org.apache.velocity.runtime.parser.ParseException: Encountered "<EOF>" at line 1, column 30.
Was expecting one of:
    "[" ...
    "}" ...
    
	at org.apache.velocity.runtime.parser.Parser.generateParseException(Parser.java:3679)
	at org.apache.velocity.runtime.parser.Parser.jj_consume_token(Parser.java:3558)
	at org.apache.velocity.runtime.parser.Parser.Reference(Parser.java:1521)
	at org.apache.velocity.runtime.parser.Parser.Statement(Parser.java:357)
	at org.apache.velocity.runtime.parser.Parser.process(Parser.java:317)
	at org.apache.velocity.runtime.parser.Parser.parse(Parser.java:117)
	at org.apache.velocity.runtime.RuntimeInstance.parse(RuntimeInstance.java:1226)
	at org.apache.velocity.runtime.RuntimeInstance.parse(RuntimeInstance.java:1181)
	at org.apache.velocity.runtime.RuntimeInstance.evaluate(RuntimeInstance.java:1297)
	at org.apache.velocity.runtime.RuntimeInstance.evaluate(RuntimeInstance.java:1265)
	at org.apache.velocity.app.Velocity.evaluate(Velocity.java:180)
	at org.apache.ambari.server.view.ViewContextImpl.parameterize(ViewContextImpl.java:410)
	at org.apache.ambari.server.view.ViewContextImpl.getProperties(ViewContextImpl.java:194)
	at org.apache.ambari.server.view.ViewContextImplTest.testGetPropertiesWithParameters(ViewContextImplTest.java:139)
	at sun.reflect.NativeMethodAccessorImpl.invoke0(Native Method)
	at sun.reflect.NativeMethodAccessorImpl.invoke(NativeMethodAccessorImpl.java:62)
	at sun.reflect.DelegatingMethodAccessorImpl.invoke(DelegatingMethodAccessorImpl.java:43)
	at java.lang.reflect.Method.invoke(Method.java:498)
	at org.junit.runners.model.FrameworkMethod$1.runReflectiveCall(FrameworkMethod.java:45)
	at org.junit.internal.runners.model.ReflectiveCallable.run(ReflectiveCallable.java:15)
	at org.junit.runners.model.FrameworkMethod.invokeExplosively(FrameworkMethod.java:42)
	at org.junit.internal.runners.statements.InvokeMethod.evaluate(InvokeMethod.java:20)
	at org.junit.runners.ParentRunner.runLeaf(ParentRunner.java:263)
	at org.junit.runners.BlockJUnit4ClassRunner.runChild(BlockJUnit4ClassRunner.java:68)
	at org.junit.runners.BlockJUnit4ClassRunner.runChild(BlockJUnit4ClassRunner.java:47)
	at org.junit.runners.ParentRunner$3.run(ParentRunner.java:231)
	at org.junit.runners.ParentRunner$1.schedule(ParentRunner.java:60)
	at org.junit.runners.ParentRunner.runChildren(ParentRunner.java:229)
	at org.junit.runners.ParentRunner.access$000(ParentRunner.java:50)
	at org.junit.runners.ParentRunner$2.evaluate(ParentRunner.java:222)
	at org.junit.runners.ParentRunner.run(ParentRunner.java:300)
	at org.apache.maven.surefire.junit4.JUnit4Provider.execute(JUnit4Provider.java:236)
	at org.apache.maven.surefire.junit4.JUnit4Provider.executeTestSet(JUnit4Provider.java:134)
	at org.apache.maven.surefire.junit4.JUnit4Provider.invoke(JUnit4Provider.java:113)
	at sun.reflect.NativeMethodAccessorImpl.invoke0(Native Method)
	at sun.reflect.NativeMethodAccessorImpl.invoke(NativeMethodAccessorImpl.java:62)
	at sun.reflect.DelegatingMethodAccessorImpl.invoke(DelegatingMethodAccessorImpl.java:43)
	at java.lang.reflect.Method.invoke(Method.java:498)
	at org.apache.maven.surefire.util.ReflectionUtils.invokeMethodWithArray(ReflectionUtils.java:189)
	at org.apache.maven.surefire.booter.ProviderFactory$ProviderProxy.invoke(ProviderFactory.java:165)
	at org.apache.maven.surefire.booter.ProviderFactory.invokeProvider(ProviderFactory.java:85)
	at org.apache.maven.surefire.booter.ForkedBooter.runSuitesInProcess(ForkedBooter.java:103)
	at org.apache.maven.surefire.booter.ForkedBooter.main(ForkedBooter.java:74)
2025-08-04 13:50:37,286 - Log4JLogChute initialized using file 'velocity.log'
2025-08-04 13:50:37,287 - Initializing Velocity, Calling init()...
2025-08-04 13:50:37,287 - Starting Apache Velocity v1.7 (compiled: 2010-11-19 12:14:37)
2025-08-04 13:50:37,287 - Default Properties File: org/apache/velocity/runtime/defaults/velocity.properties
2025-08-04 13:50:37,287 - Trying to use logger class org.apache.velocity.runtime.log.AvalonLogChute
2025-08-04 13:50:37,287 - Target log system for org.apache.velocity.runtime.log.AvalonLogChute is not available (java.lang.NoClassDefFoundError: org/apache/log/format/Formatter).  Falling back to next log system...
2025-08-04 13:50:37,287 - Trying to use logger class org.apache.velocity.runtime.log.Log4JLogChute
2025-08-04 13:50:37,287 - Using logger class org.apache.velocity.runtime.log.Log4JLogChute
2025-08-04 13:50:37,289 - ResourceLoader instantiated: org.apache.velocity.runtime.resource.loader.FileResourceLoader
2025-08-04 13:50:37,290 - Do unicode file recognition:  false
2025-08-04 13:50:37,290 - FileResourceLoader : adding path '.'
2025-08-04 13:50:37,294 - ResourceCache: initialized (class org.apache.velocity.runtime.resource.ResourceCacheImpl) with class java.util.Collections$SynchronizedMap cache map.
2025-08-04 13:50:37,295 - Loaded System Directive: org.apache.velocity.runtime.directive.Stop
2025-08-04 13:50:37,296 - Loaded System Directive: org.apache.velocity.runtime.directive.Define
2025-08-04 13:50:37,296 - Loaded System Directive: org.apache.velocity.runtime.directive.Break
2025-08-04 13:50:37,296 - Loaded System Directive: org.apache.velocity.runtime.directive.Evaluate
2025-08-04 13:50:37,297 - Loaded System Directive: org.apache.velocity.runtime.directive.Literal
2025-08-04 13:50:37,297 - Loaded System Directive: org.apache.velocity.runtime.directive.Macro
2025-08-04 13:50:37,298 - Loaded System Directive: org.apache.velocity.runtime.directive.Parse
2025-08-04 13:50:37,299 - Loaded System Directive: org.apache.velocity.runtime.directive.Include
2025-08-04 13:50:37,299 - Loaded System Directive: org.apache.velocity.runtime.directive.Foreach
2025-08-04 13:50:37,317 - Created '20' parsers.
2025-08-04 13:50:37,321 - Velocimacro : "velocimacro.library" is not set.  Trying default library: VM_global_library.vm
2025-08-04 13:50:37,321 - Velocimacro : Default library not found.
2025-08-04 13:50:37,321 - Velocimacro : allowInline = true : VMs can be defined inline in templates
2025-08-04 13:50:37,321 - Velocimacro : allowInlineToOverride = false : VMs defined inline may NOT replace previous VM definitions
2025-08-04 13:50:37,321 - Velocimacro : allowInlineLocal = false : VMs defined inline will be global in scope if allowed.
2025-08-04 13:50:37,321 - Velocimacro : autoload off : VM system will not automatically reload global library macros
2025-08-04 14:05:55,790 - Log4JLogChute initialized using file 'velocity.log'
2025-08-04 14:05:55,791 - Initializing Velocity, Calling init()...
2025-08-04 14:05:55,791 - Starting Apache Velocity v1.7 (compiled: 2010-11-19 12:14:37)
2025-08-04 14:05:55,791 - Default Properties File: org/apache/velocity/runtime/defaults/velocity.properties
2025-08-04 14:05:55,791 - Trying to use logger class org.apache.velocity.runtime.log.AvalonLogChute
2025-08-04 14:05:55,791 - Target log system for org.apache.velocity.runtime.log.AvalonLogChute is not available (java.lang.NoClassDefFoundError: org/apache/log/format/Formatter).  Falling back to next log system...
2025-08-04 14:05:55,791 - Trying to use logger class org.apache.velocity.runtime.log.Log4JLogChute
2025-08-04 14:05:55,791 - Using logger class org.apache.velocity.runtime.log.Log4JLogChute
2025-08-04 14:05:55,798 - ResourceLoader instantiated: org.apache.velocity.runtime.resource.loader.FileResourceLoader
2025-08-04 14:05:55,800 - Do unicode file recognition:  false
2025-08-04 14:05:55,800 - FileResourceLoader : adding path '.'
2025-08-04 14:05:55,815 - ResourceCache: initialized (class org.apache.velocity.runtime.resource.ResourceCacheImpl) with class java.util.Collections$SynchronizedMap cache map.
2025-08-04 14:05:55,817 - Loaded System Directive: org.apache.velocity.runtime.directive.Stop
2025-08-04 14:05:55,819 - Loaded System Directive: org.apache.velocity.runtime.directive.Define
2025-08-04 14:05:55,820 - Loaded System Directive: org.apache.velocity.runtime.directive.Break
2025-08-04 14:05:55,821 - Loaded System Directive: org.apache.velocity.runtime.directive.Evaluate
2025-08-04 14:05:55,822 - Loaded System Directive: org.apache.velocity.runtime.directive.Literal
2025-08-04 14:05:55,823 - Loaded System Directive: org.apache.velocity.runtime.directive.Macro
2025-08-04 14:05:55,825 - Loaded System Directive: org.apache.velocity.runtime.directive.Parse
2025-08-04 14:05:55,827 - Loaded System Directive: org.apache.velocity.runtime.directive.Include
2025-08-04 14:05:55,828 - Loaded System Directive: org.apache.velocity.runtime.directive.Foreach
2025-08-04 14:05:55,972 - Created '20' parsers.
2025-08-04 14:05:55,977 - Velocimacro : "velocimacro.library" is not set.  Trying default library: VM_global_library.vm
2025-08-04 14:05:55,978 - Velocimacro : Default library not found.
2025-08-04 14:05:55,978 - Velocimacro : allowInline = true : VMs can be defined inline in templates
2025-08-04 14:05:55,978 - Velocimacro : allowInlineToOverride = false : VMs defined inline may NOT replace previous VM definitions
2025-08-04 14:05:55,978 - Velocimacro : allowInlineLocal = false : VMs defined inline will be global in scope if allowed.
2025-08-04 14:05:55,978 - Velocimacro : autoload off : VM system will not automatically reload global library macros
2025-08-04 14:05:56,005 - Null reference [template 'ambari-alerts', line 135, column 19] : $alert.getAlertDefinition().getLabel() cannot be resolved.
2025-08-04 14:18:55,984 - Log4JLogChute initialized using file 'velocity.log'
2025-08-04 14:18:55,984 - Initializing Velocity, Calling init()...
2025-08-04 14:18:55,984 - Starting Apache Velocity v1.7 (compiled: 2010-11-19 12:14:37)
2025-08-04 14:18:55,984 - Default Properties File: org/apache/velocity/runtime/defaults/velocity.properties
2025-08-04 14:18:55,984 - Trying to use logger class org.apache.velocity.runtime.log.AvalonLogChute
2025-08-04 14:18:55,984 - Target log system for org.apache.velocity.runtime.log.AvalonLogChute is not available (java.lang.NoClassDefFoundError: org/apache/log/format/Formatter).  Falling back to next log system...
2025-08-04 14:18:55,984 - Trying to use logger class org.apache.velocity.runtime.log.Log4JLogChute
2025-08-04 14:18:55,984 - Using logger class org.apache.velocity.runtime.log.Log4JLogChute
2025-08-04 14:18:55,986 - ResourceLoader instantiated: org.apache.velocity.runtime.resource.loader.FileResourceLoader
2025-08-04 14:18:55,986 - Do unicode file recognition:  false
2025-08-04 14:18:55,986 - FileResourceLoader : adding path '.'
2025-08-04 14:18:55,988 - ResourceCache: initialized (class org.apache.velocity.runtime.resource.ResourceCacheImpl) with class java.util.Collections$SynchronizedMap cache map.
2025-08-04 14:18:55,989 - Loaded System Directive: org.apache.velocity.runtime.directive.Stop
2025-08-04 14:18:55,989 - Loaded System Directive: org.apache.velocity.runtime.directive.Define
2025-08-04 14:18:55,990 - Loaded System Directive: org.apache.velocity.runtime.directive.Break
2025-08-04 14:18:55,990 - Loaded System Directive: org.apache.velocity.runtime.directive.Evaluate
2025-08-04 14:18:55,990 - Loaded System Directive: org.apache.velocity.runtime.directive.Literal
2025-08-04 14:18:55,991 - Loaded System Directive: org.apache.velocity.runtime.directive.Macro
2025-08-04 14:18:55,991 - Loaded System Directive: org.apache.velocity.runtime.directive.Parse
2025-08-04 14:18:55,991 - Loaded System Directive: org.apache.velocity.runtime.directive.Include
2025-08-04 14:18:55,992 - Loaded System Directive: org.apache.velocity.runtime.directive.Foreach
2025-08-04 14:18:56,003 - Created '20' parsers.
2025-08-04 14:18:56,005 - Velocimacro : "velocimacro.library" is not set.  Trying default library: VM_global_library.vm
2025-08-04 14:18:56,006 - Velocimacro : Default library not found.
2025-08-04 14:18:56,006 - Velocimacro : allowInline = true : VMs can be defined inline in templates
2025-08-04 14:18:56,006 - Velocimacro : allowInlineToOverride = false : VMs defined inline may NOT replace previous VM definitions
2025-08-04 14:18:56,006 - Velocimacro : allowInlineLocal = false : VMs defined inline will be global in scope if allowed.
2025-08-04 14:18:56,006 - Velocimacro : autoload off : VM system will not automatically reload global library macros
2025-08-04 14:18:56,052 - Null reference [template '/path/to/${unspecified_parameter}', line 1, column 10] : ${unspecified_parameter} cannot be resolved.
2025-08-04 14:18:56,052 - Parser Exception: /path/to/${incorrect_parameter
org.apache.velocity.runtime.parser.ParseException: Encountered "<EOF>" at line 1, column 30.
Was expecting one of:
    "[" ...
    "}" ...
    
	at org.apache.velocity.runtime.parser.Parser.generateParseException(Parser.java:3679)
	at org.apache.velocity.runtime.parser.Parser.jj_consume_token(Parser.java:3558)
	at org.apache.velocity.runtime.parser.Parser.Reference(Parser.java:1521)
	at org.apache.velocity.runtime.parser.Parser.Statement(Parser.java:357)
	at org.apache.velocity.runtime.parser.Parser.process(Parser.java:317)
	at org.apache.velocity.runtime.parser.Parser.parse(Parser.java:117)
	at org.apache.velocity.runtime.RuntimeInstance.parse(RuntimeInstance.java:1226)
	at org.apache.velocity.runtime.RuntimeInstance.parse(RuntimeInstance.java:1181)
	at org.apache.velocity.runtime.RuntimeInstance.evaluate(RuntimeInstance.java:1297)
	at org.apache.velocity.runtime.RuntimeInstance.evaluate(RuntimeInstance.java:1265)
	at org.apache.velocity.app.Velocity.evaluate(Velocity.java:180)
	at org.apache.ambari.server.view.ViewContextImpl.parameterize(ViewContextImpl.java:410)
	at org.apache.ambari.server.view.ViewContextImpl.getProperties(ViewContextImpl.java:194)
	at org.apache.ambari.server.view.ViewContextImplTest.testGetPropertiesWithParameters(ViewContextImplTest.java:128)
	at sun.reflect.NativeMethodAccessorImpl.invoke0(Native Method)
	at sun.reflect.NativeMethodAccessorImpl.invoke(NativeMethodAccessorImpl.java:62)
	at sun.reflect.DelegatingMethodAccessorImpl.invoke(DelegatingMethodAccessorImpl.java:43)
	at java.lang.reflect.Method.invoke(Method.java:498)
	at org.junit.runners.model.FrameworkMethod$1.runReflectiveCall(FrameworkMethod.java:45)
	at org.junit.internal.runners.model.ReflectiveCallable.run(ReflectiveCallable.java:15)
	at org.junit.runners.model.FrameworkMethod.invokeExplosively(FrameworkMethod.java:42)
	at org.junit.internal.runners.statements.InvokeMethod.evaluate(InvokeMethod.java:20)
	at org.junit.runners.ParentRunner.runLeaf(ParentRunner.java:263)
	at org.junit.runners.BlockJUnit4ClassRunner.runChild(BlockJUnit4ClassRunner.java:68)
	at org.junit.runners.BlockJUnit4ClassRunner.runChild(BlockJUnit4ClassRunner.java:47)
	at org.junit.runners.ParentRunner$3.run(ParentRunner.java:231)
	at org.junit.runners.ParentRunner$1.schedule(ParentRunner.java:60)
	at org.junit.runners.ParentRunner.runChildren(ParentRunner.java:229)
	at org.junit.runners.ParentRunner.access$000(ParentRunner.java:50)
	at org.junit.runners.ParentRunner$2.evaluate(ParentRunner.java:222)
	at org.junit.runners.ParentRunner.run(ParentRunner.java:300)
	at org.apache.maven.surefire.junit4.JUnit4Provider.execute(JUnit4Provider.java:236)
	at org.apache.maven.surefire.junit4.JUnit4Provider.executeTestSet(JUnit4Provider.java:134)
	at org.apache.maven.surefire.junit4.JUnit4Provider.invoke(JUnit4Provider.java:113)
	at sun.reflect.NativeMethodAccessorImpl.invoke0(Native Method)
	at sun.reflect.NativeMethodAccessorImpl.invoke(NativeMethodAccessorImpl.java:62)
	at sun.reflect.DelegatingMethodAccessorImpl.invoke(DelegatingMethodAccessorImpl.java:43)
	at java.lang.reflect.Method.invoke(Method.java:498)
	at org.apache.maven.surefire.util.ReflectionUtils.invokeMethodWithArray(ReflectionUtils.java:189)
	at org.apache.maven.surefire.booter.ProviderFactory$ProviderProxy.invoke(ProviderFactory.java:165)
	at org.apache.maven.surefire.booter.ProviderFactory.invokeProvider(ProviderFactory.java:85)
	at org.apache.maven.surefire.booter.ForkedBooter.runSuitesInProcess(ForkedBooter.java:103)
	at org.apache.maven.surefire.booter.ForkedBooter.main(ForkedBooter.java:74)
2025-08-04 14:18:56,054 - Null reference [template '/path/to/${unspecified_parameter}', line 1, column 10] : ${unspecified_parameter} cannot be resolved.
2025-08-04 14:18:56,054 - Parser Exception: /path/to/${incorrect_parameter
org.apache.velocity.runtime.parser.ParseException: Encountered "<EOF>" at line 1, column 30.
Was expecting one of:
    "[" ...
    "}" ...
    
	at org.apache.velocity.runtime.parser.Parser.generateParseException(Parser.java:3679)
	at org.apache.velocity.runtime.parser.Parser.jj_consume_token(Parser.java:3558)
	at org.apache.velocity.runtime.parser.Parser.Reference(Parser.java:1521)
	at org.apache.velocity.runtime.parser.Parser.Statement(Parser.java:357)
	at org.apache.velocity.runtime.parser.Parser.process(Parser.java:317)
	at org.apache.velocity.runtime.parser.Parser.parse(Parser.java:117)
	at org.apache.velocity.runtime.RuntimeInstance.parse(RuntimeInstance.java:1226)
	at org.apache.velocity.runtime.RuntimeInstance.parse(RuntimeInstance.java:1181)
	at org.apache.velocity.runtime.RuntimeInstance.evaluate(RuntimeInstance.java:1297)
	at org.apache.velocity.runtime.RuntimeInstance.evaluate(RuntimeInstance.java:1265)
	at org.apache.velocity.app.Velocity.evaluate(Velocity.java:180)
	at org.apache.ambari.server.view.ViewContextImpl.parameterize(ViewContextImpl.java:410)
	at org.apache.ambari.server.view.ViewContextImpl.getProperties(ViewContextImpl.java:194)
	at org.apache.ambari.server.view.ViewContextImplTest.testGetPropertiesWithParameters(ViewContextImplTest.java:139)
	at sun.reflect.NativeMethodAccessorImpl.invoke0(Native Method)
	at sun.reflect.NativeMethodAccessorImpl.invoke(NativeMethodAccessorImpl.java:62)
	at sun.reflect.DelegatingMethodAccessorImpl.invoke(DelegatingMethodAccessorImpl.java:43)
	at java.lang.reflect.Method.invoke(Method.java:498)
	at org.junit.runners.model.FrameworkMethod$1.runReflectiveCall(FrameworkMethod.java:45)
	at org.junit.internal.runners.model.ReflectiveCallable.run(ReflectiveCallable.java:15)
	at org.junit.runners.model.FrameworkMethod.invokeExplosively(FrameworkMethod.java:42)
	at org.junit.internal.runners.statements.InvokeMethod.evaluate(InvokeMethod.java:20)
	at org.junit.runners.ParentRunner.runLeaf(ParentRunner.java:263)
	at org.junit.runners.BlockJUnit4ClassRunner.runChild(BlockJUnit4ClassRunner.java:68)
	at org.junit.runners.BlockJUnit4ClassRunner.runChild(BlockJUnit4ClassRunner.java:47)
	at org.junit.runners.ParentRunner$3.run(ParentRunner.java:231)
	at org.junit.runners.ParentRunner$1.schedule(ParentRunner.java:60)
	at org.junit.runners.ParentRunner.runChildren(ParentRunner.java:229)
	at org.junit.runners.ParentRunner.access$000(ParentRunner.java:50)
	at org.junit.runners.ParentRunner$2.evaluate(ParentRunner.java:222)
	at org.junit.runners.ParentRunner.run(ParentRunner.java:300)
	at org.apache.maven.surefire.junit4.JUnit4Provider.execute(JUnit4Provider.java:236)
	at org.apache.maven.surefire.junit4.JUnit4Provider.executeTestSet(JUnit4Provider.java:134)
	at org.apache.maven.surefire.junit4.JUnit4Provider.invoke(JUnit4Provider.java:113)
	at sun.reflect.NativeMethodAccessorImpl.invoke0(Native Method)
	at sun.reflect.NativeMethodAccessorImpl.invoke(NativeMethodAccessorImpl.java:62)
	at sun.reflect.DelegatingMethodAccessorImpl.invoke(DelegatingMethodAccessorImpl.java:43)
	at java.lang.reflect.Method.invoke(Method.java:498)
	at org.apache.maven.surefire.util.ReflectionUtils.invokeMethodWithArray(ReflectionUtils.java:189)
	at org.apache.maven.surefire.booter.ProviderFactory$ProviderProxy.invoke(ProviderFactory.java:165)
	at org.apache.maven.surefire.booter.ProviderFactory.invokeProvider(ProviderFactory.java:85)
	at org.apache.maven.surefire.booter.ForkedBooter.runSuitesInProcess(ForkedBooter.java:103)
	at org.apache.maven.surefire.booter.ForkedBooter.main(ForkedBooter.java:74)
2025-08-04 14:25:02,002 - Log4JLogChute initialized using file 'velocity.log'
2025-08-04 14:25:02,003 - Initializing Velocity, Calling init()...
2025-08-04 14:25:02,003 - Starting Apache Velocity v1.7 (compiled: 2010-11-19 12:14:37)
2025-08-04 14:25:02,003 - Default Properties File: org/apache/velocity/runtime/defaults/velocity.properties
2025-08-04 14:25:02,003 - Trying to use logger class org.apache.velocity.runtime.log.AvalonLogChute
2025-08-04 14:25:02,003 - Target log system for org.apache.velocity.runtime.log.AvalonLogChute is not available (java.lang.NoClassDefFoundError: org/apache/log/format/Formatter).  Falling back to next log system...
2025-08-04 14:25:02,003 - Trying to use logger class org.apache.velocity.runtime.log.Log4JLogChute
2025-08-04 14:25:02,003 - Using logger class org.apache.velocity.runtime.log.Log4JLogChute
2025-08-04 14:25:02,006 - ResourceLoader instantiated: org.apache.velocity.runtime.resource.loader.FileResourceLoader
2025-08-04 14:25:02,007 - Do unicode file recognition:  false
2025-08-04 14:25:02,007 - FileResourceLoader : adding path '.'
2025-08-04 14:25:02,012 - ResourceCache: initialized (class org.apache.velocity.runtime.resource.ResourceCacheImpl) with class java.util.Collections$SynchronizedMap cache map.
2025-08-04 14:25:02,013 - Loaded System Directive: org.apache.velocity.runtime.directive.Stop
2025-08-04 14:25:02,014 - Loaded System Directive: org.apache.velocity.runtime.directive.Define
2025-08-04 14:25:02,014 - Loaded System Directive: org.apache.velocity.runtime.directive.Break
2025-08-04 14:25:02,014 - Loaded System Directive: org.apache.velocity.runtime.directive.Evaluate
2025-08-04 14:25:02,015 - Loaded System Directive: org.apache.velocity.runtime.directive.Literal
2025-08-04 14:25:02,015 - Loaded System Directive: org.apache.velocity.runtime.directive.Macro
2025-08-04 14:25:02,016 - Loaded System Directive: org.apache.velocity.runtime.directive.Parse
2025-08-04 14:25:02,017 - Loaded System Directive: org.apache.velocity.runtime.directive.Include
2025-08-04 14:25:02,017 - Loaded System Directive: org.apache.velocity.runtime.directive.Foreach
2025-08-04 14:25:02,031 - Created '20' parsers.
2025-08-04 14:25:02,034 - Velocimacro : "velocimacro.library" is not set.  Trying default library: VM_global_library.vm
2025-08-04 14:25:02,034 - Velocimacro : Default library not found.
2025-08-04 14:25:02,034 - Velocimacro : allowInline = true : VMs can be defined inline in templates
2025-08-04 14:25:02,034 - Velocimacro : allowInlineToOverride = false : VMs defined inline may NOT replace previous VM definitions
2025-08-04 14:25:02,034 - Velocimacro : allowInlineLocal = false : VMs defined inline will be global in scope if allowed.
2025-08-04 14:25:02,034 - Velocimacro : autoload off : VM system will not automatically reload global library macros
2025-08-04 14:37:47,119 - Log4JLogChute initialized using file 'velocity.log'
2025-08-04 14:37:47,120 - Initializing Velocity, Calling init()...
2025-08-04 14:37:47,120 - Starting Apache Velocity v1.7 (compiled: 2010-11-19 12:14:37)
2025-08-04 14:37:47,120 - Default Properties File: org/apache/velocity/runtime/defaults/velocity.properties
2025-08-04 14:37:47,120 - Trying to use logger class org.apache.velocity.runtime.log.AvalonLogChute
2025-08-04 14:37:47,120 - Target log system for org.apache.velocity.runtime.log.AvalonLogChute is not available (java.lang.NoClassDefFoundError: org/apache/log/format/Formatter).  Falling back to next log system...
2025-08-04 14:37:47,120 - Trying to use logger class org.apache.velocity.runtime.log.Log4JLogChute
2025-08-04 14:37:47,120 - Using logger class org.apache.velocity.runtime.log.Log4JLogChute
2025-08-04 14:37:47,123 - ResourceLoader instantiated: org.apache.velocity.runtime.resource.loader.FileResourceLoader
2025-08-04 14:37:47,124 - Do unicode file recognition:  false
2025-08-04 14:37:47,124 - FileResourceLoader : adding path '.'
2025-08-04 14:37:47,133 - ResourceCache: initialized (class org.apache.velocity.runtime.resource.ResourceCacheImpl) with class java.util.Collections$SynchronizedMap cache map.
2025-08-04 14:37:47,134 - Loaded System Directive: org.apache.velocity.runtime.directive.Stop
2025-08-04 14:37:47,135 - Loaded System Directive: org.apache.velocity.runtime.directive.Define
2025-08-04 14:37:47,135 - Loaded System Directive: org.apache.velocity.runtime.directive.Break
2025-08-04 14:37:47,136 - Loaded System Directive: org.apache.velocity.runtime.directive.Evaluate
2025-08-04 14:37:47,136 - Loaded System Directive: org.apache.velocity.runtime.directive.Literal
2025-08-04 14:37:47,138 - Loaded System Directive: org.apache.velocity.runtime.directive.Macro
2025-08-04 14:37:47,139 - Loaded System Directive: org.apache.velocity.runtime.directive.Parse
2025-08-04 14:37:47,140 - Loaded System Directive: org.apache.velocity.runtime.directive.Include
2025-08-04 14:37:47,141 - Loaded System Directive: org.apache.velocity.runtime.directive.Foreach
2025-08-04 14:37:47,241 - Created '20' parsers.
2025-08-04 14:37:47,245 - Velocimacro : "velocimacro.library" is not set.  Trying default library: VM_global_library.vm
2025-08-04 14:37:47,245 - Velocimacro : Default library not found.
2025-08-04 14:37:47,245 - Velocimacro : allowInline = true : VMs can be defined inline in templates
2025-08-04 14:37:47,245 - Velocimacro : allowInlineToOverride = false : VMs defined inline may NOT replace previous VM definitions
2025-08-04 14:37:47,245 - Velocimacro : allowInlineLocal = false : VMs defined inline will be global in scope if allowed.
2025-08-04 14:37:47,245 - Velocimacro : autoload off : VM system will not automatically reload global library macros
2025-08-04 14:37:47,433 - Null reference [template 'ambari-alerts', line 135, column 19] : $alert.getAlertDefinition().getLabel() cannot be resolved.
2025-08-04 14:52:45,797 - Log4JLogChute initialized using file 'velocity.log'
2025-08-04 14:52:45,798 - Initializing Velocity, Calling init()...
2025-08-04 14:52:45,798 - Starting Apache Velocity v1.7 (compiled: 2010-11-19 12:14:37)
2025-08-04 14:52:45,798 - Default Properties File: org/apache/velocity/runtime/defaults/velocity.properties
2025-08-04 14:52:45,798 - Trying to use logger class org.apache.velocity.runtime.log.AvalonLogChute
2025-08-04 14:52:45,798 - Target log system for org.apache.velocity.runtime.log.AvalonLogChute is not available (java.lang.NoClassDefFoundError: org/apache/log/format/Formatter).  Falling back to next log system...
2025-08-04 14:52:45,798 - Trying to use logger class org.apache.velocity.runtime.log.Log4JLogChute
2025-08-04 14:52:45,798 - Using logger class org.apache.velocity.runtime.log.Log4JLogChute
2025-08-04 14:52:45,806 - ResourceLoader instantiated: org.apache.velocity.runtime.resource.loader.FileResourceLoader
2025-08-04 14:52:45,808 - Do unicode file recognition:  false
2025-08-04 14:52:45,808 - FileResourceLoader : adding path '.'
2025-08-04 14:52:45,818 - ResourceCache: initialized (class org.apache.velocity.runtime.resource.ResourceCacheImpl) with class java.util.Collections$SynchronizedMap cache map.
2025-08-04 14:52:45,820 - Loaded System Directive: org.apache.velocity.runtime.directive.Stop
2025-08-04 14:52:45,822 - Loaded System Directive: org.apache.velocity.runtime.directive.Define
2025-08-04 14:52:45,824 - Loaded System Directive: org.apache.velocity.runtime.directive.Break
2025-08-04 14:52:45,825 - Loaded System Directive: org.apache.velocity.runtime.directive.Evaluate
2025-08-04 14:52:45,826 - Loaded System Directive: org.apache.velocity.runtime.directive.Literal
2025-08-04 14:52:45,828 - Loaded System Directive: org.apache.velocity.runtime.directive.Macro
2025-08-04 14:52:45,830 - Loaded System Directive: org.apache.velocity.runtime.directive.Parse
2025-08-04 14:52:45,832 - Loaded System Directive: org.apache.velocity.runtime.directive.Include
2025-08-04 14:52:45,833 - Loaded System Directive: org.apache.velocity.runtime.directive.Foreach
2025-08-04 14:52:45,877 - Created '20' parsers.
2025-08-04 14:52:45,887 - Velocimacro : "velocimacro.library" is not set.  Trying default library: VM_global_library.vm
2025-08-04 14:52:45,887 - Velocimacro : Default library not found.
2025-08-04 14:52:45,887 - Velocimacro : allowInline = true : VMs can be defined inline in templates
2025-08-04 14:52:45,887 - Velocimacro : allowInlineToOverride = false : VMs defined inline may NOT replace previous VM definitions
2025-08-04 14:52:45,887 - Velocimacro : allowInlineLocal = false : VMs defined inline will be global in scope if allowed.
2025-08-04 14:52:45,887 - Velocimacro : autoload off : VM system will not automatically reload global library macros
2025-08-04 14:52:46,053 - Null reference [template '/path/to/${unspecified_parameter}', line 1, column 10] : ${unspecified_parameter} cannot be resolved.
2025-08-04 14:52:46,054 - Parser Exception: /path/to/${incorrect_parameter
org.apache.velocity.runtime.parser.ParseException: Encountered "<EOF>" at line 1, column 30.
Was expecting one of:
    "[" ...
    "}" ...
    
	at org.apache.velocity.runtime.parser.Parser.generateParseException(Parser.java:3679)
	at org.apache.velocity.runtime.parser.Parser.jj_consume_token(Parser.java:3558)
	at org.apache.velocity.runtime.parser.Parser.Reference(Parser.java:1521)
	at org.apache.velocity.runtime.parser.Parser.Statement(Parser.java:357)
	at org.apache.velocity.runtime.parser.Parser.process(Parser.java:317)
	at org.apache.velocity.runtime.parser.Parser.parse(Parser.java:117)
	at org.apache.velocity.runtime.RuntimeInstance.parse(RuntimeInstance.java:1226)
	at org.apache.velocity.runtime.RuntimeInstance.parse(RuntimeInstance.java:1181)
	at org.apache.velocity.runtime.RuntimeInstance.evaluate(RuntimeInstance.java:1297)
	at org.apache.velocity.runtime.RuntimeInstance.evaluate(RuntimeInstance.java:1265)
	at org.apache.velocity.app.Velocity.evaluate(Velocity.java:180)
	at org.apache.ambari.server.view.ViewContextImpl.parameterize(ViewContextImpl.java:410)
	at org.apache.ambari.server.view.ViewContextImpl.getProperties(ViewContextImpl.java:194)
	at org.apache.ambari.server.view.ViewContextImplTest.testGetPropertiesWithParameters(ViewContextImplTest.java:128)
	at sun.reflect.NativeMethodAccessorImpl.invoke0(Native Method)
	at sun.reflect.NativeMethodAccessorImpl.invoke(NativeMethodAccessorImpl.java:62)
	at sun.reflect.DelegatingMethodAccessorImpl.invoke(DelegatingMethodAccessorImpl.java:43)
	at java.lang.reflect.Method.invoke(Method.java:498)
	at org.junit.runners.model.FrameworkMethod$1.runReflectiveCall(FrameworkMethod.java:45)
	at org.junit.internal.runners.model.ReflectiveCallable.run(ReflectiveCallable.java:15)
	at org.junit.runners.model.FrameworkMethod.invokeExplosively(FrameworkMethod.java:42)
	at org.junit.internal.runners.statements.InvokeMethod.evaluate(InvokeMethod.java:20)
	at org.junit.runners.ParentRunner.runLeaf(ParentRunner.java:263)
	at org.junit.runners.BlockJUnit4ClassRunner.runChild(BlockJUnit4ClassRunner.java:68)
	at org.junit.runners.BlockJUnit4ClassRunner.runChild(BlockJUnit4ClassRunner.java:47)
	at org.junit.runners.ParentRunner$3.run(ParentRunner.java:231)
	at org.junit.runners.ParentRunner$1.schedule(ParentRunner.java:60)
	at org.junit.runners.ParentRunner.runChildren(ParentRunner.java:229)
	at org.junit.runners.ParentRunner.access$000(ParentRunner.java:50)
	at org.junit.runners.ParentRunner$2.evaluate(ParentRunner.java:222)
	at org.junit.runners.ParentRunner.run(ParentRunner.java:300)
	at org.apache.maven.surefire.junit4.JUnit4Provider.execute(JUnit4Provider.java:236)
	at org.apache.maven.surefire.junit4.JUnit4Provider.executeTestSet(JUnit4Provider.java:134)
	at org.apache.maven.surefire.junit4.JUnit4Provider.invoke(JUnit4Provider.java:113)
	at sun.reflect.NativeMethodAccessorImpl.invoke0(Native Method)
	at sun.reflect.NativeMethodAccessorImpl.invoke(NativeMethodAccessorImpl.java:62)
	at sun.reflect.DelegatingMethodAccessorImpl.invoke(DelegatingMethodAccessorImpl.java:43)
	at java.lang.reflect.Method.invoke(Method.java:498)
	at org.apache.maven.surefire.util.ReflectionUtils.invokeMethodWithArray(ReflectionUtils.java:189)
	at org.apache.maven.surefire.booter.ProviderFactory$ProviderProxy.invoke(ProviderFactory.java:165)
	at org.apache.maven.surefire.booter.ProviderFactory.invokeProvider(ProviderFactory.java:85)
	at org.apache.maven.surefire.booter.ForkedBooter.runSuitesInProcess(ForkedBooter.java:103)
	at org.apache.maven.surefire.booter.ForkedBooter.main(ForkedBooter.java:74)
2025-08-04 14:52:46,059 - Null reference [template '/path/to/${unspecified_parameter}', line 1, column 10] : ${unspecified_parameter} cannot be resolved.
2025-08-04 14:52:46,059 - Parser Exception: /path/to/${incorrect_parameter
org.apache.velocity.runtime.parser.ParseException: Encountered "<EOF>" at line 1, column 30.
Was expecting one of:
    "[" ...
    "}" ...
    
	at org.apache.velocity.runtime.parser.Parser.generateParseException(Parser.java:3679)
	at org.apache.velocity.runtime.parser.Parser.jj_consume_token(Parser.java:3558)
	at org.apache.velocity.runtime.parser.Parser.Reference(Parser.java:1521)
	at org.apache.velocity.runtime.parser.Parser.Statement(Parser.java:357)
	at org.apache.velocity.runtime.parser.Parser.process(Parser.java:317)
	at org.apache.velocity.runtime.parser.Parser.parse(Parser.java:117)
	at org.apache.velocity.runtime.RuntimeInstance.parse(RuntimeInstance.java:1226)
	at org.apache.velocity.runtime.RuntimeInstance.parse(RuntimeInstance.java:1181)
	at org.apache.velocity.runtime.RuntimeInstance.evaluate(RuntimeInstance.java:1297)
	at org.apache.velocity.runtime.RuntimeInstance.evaluate(RuntimeInstance.java:1265)
	at org.apache.velocity.app.Velocity.evaluate(Velocity.java:180)
	at org.apache.ambari.server.view.ViewContextImpl.parameterize(ViewContextImpl.java:410)
	at org.apache.ambari.server.view.ViewContextImpl.getProperties(ViewContextImpl.java:194)
	at org.apache.ambari.server.view.ViewContextImplTest.testGetPropertiesWithParameters(ViewContextImplTest.java:139)
	at sun.reflect.NativeMethodAccessorImpl.invoke0(Native Method)
	at sun.reflect.NativeMethodAccessorImpl.invoke(NativeMethodAccessorImpl.java:62)
	at sun.reflect.DelegatingMethodAccessorImpl.invoke(DelegatingMethodAccessorImpl.java:43)
	at java.lang.reflect.Method.invoke(Method.java:498)
	at org.junit.runners.model.FrameworkMethod$1.runReflectiveCall(FrameworkMethod.java:45)
	at org.junit.internal.runners.model.ReflectiveCallable.run(ReflectiveCallable.java:15)
	at org.junit.runners.model.FrameworkMethod.invokeExplosively(FrameworkMethod.java:42)
	at org.junit.internal.runners.statements.InvokeMethod.evaluate(InvokeMethod.java:20)
	at org.junit.runners.ParentRunner.runLeaf(ParentRunner.java:263)
	at org.junit.runners.BlockJUnit4ClassRunner.runChild(BlockJUnit4ClassRunner.java:68)
	at org.junit.runners.BlockJUnit4ClassRunner.runChild(BlockJUnit4ClassRunner.java:47)
	at org.junit.runners.ParentRunner$3.run(ParentRunner.java:231)
	at org.junit.runners.ParentRunner$1.schedule(ParentRunner.java:60)
	at org.junit.runners.ParentRunner.runChildren(ParentRunner.java:229)
	at org.junit.runners.ParentRunner.access$000(ParentRunner.java:50)
	at org.junit.runners.ParentRunner$2.evaluate(ParentRunner.java:222)
	at org.junit.runners.ParentRunner.run(ParentRunner.java:300)
	at org.apache.maven.surefire.junit4.JUnit4Provider.execute(JUnit4Provider.java:236)
	at org.apache.maven.surefire.junit4.JUnit4Provider.executeTestSet(JUnit4Provider.java:134)
	at org.apache.maven.surefire.junit4.JUnit4Provider.invoke(JUnit4Provider.java:113)
	at sun.reflect.NativeMethodAccessorImpl.invoke0(Native Method)
	at sun.reflect.NativeMethodAccessorImpl.invoke(NativeMethodAccessorImpl.java:62)
	at sun.reflect.DelegatingMethodAccessorImpl.invoke(DelegatingMethodAccessorImpl.java:43)
	at java.lang.reflect.Method.invoke(Method.java:498)
	at org.apache.maven.surefire.util.ReflectionUtils.invokeMethodWithArray(ReflectionUtils.java:189)
	at org.apache.maven.surefire.booter.ProviderFactory$ProviderProxy.invoke(ProviderFactory.java:165)
	at org.apache.maven.surefire.booter.ProviderFactory.invokeProvider(ProviderFactory.java:85)
	at org.apache.maven.surefire.booter.ForkedBooter.runSuitesInProcess(ForkedBooter.java:103)
	at org.apache.maven.surefire.booter.ForkedBooter.main(ForkedBooter.java:74)
